Component: ARM Compiler 5.06 update 3 (build 300) Tool: armlink [4d35c9]

==============================================================================

Section Cross References

    startup_stm32f103xb.o(RESET) refers to startup_stm32f103xb.o(STACK) for __initial_sp
    startup_stm32f103xb.o(RESET) refers to startup_stm32f103xb.o(.text) for Reset_Handler
    startup_stm32f103xb.o(RESET) refers to stm32f1xx_it.o(i.NMI_Handler) for NMI_Handler
    startup_stm32f103xb.o(RESET) refers to stm32f1xx_it.o(i.HardFault_Handler) for HardFault_Handler
    startup_stm32f103xb.o(RESET) refers to stm32f1xx_it.o(i.MemManage_Handler) for MemManage_Handler
    startup_stm32f103xb.o(RESET) refers to stm32f1xx_it.o(i.BusFault_Handler) for BusFault_Handler
    startup_stm32f103xb.o(RESET) refers to stm32f1xx_it.o(i.UsageFault_Handler) for UsageFault_Handler
    startup_stm32f103xb.o(RESET) refers to port.o(.emb_text) for SVC_Handler
    startup_stm32f103xb.o(RESET) refers to stm32f1xx_it.o(i.DebugMon_Handler) for DebugMon_Handler
    startup_stm32f103xb.o(RESET) refers to port.o(i.SysTick_Handler) for SysTick_Handler
    startup_stm32f103xb.o(RESET) refers to stm32f1xx_it.o(i.TIM1_UP_IRQHandler) for TIM1_UP_IRQHandler
    startup_stm32f103xb.o(RESET) refers to stm32f1xx_it.o(i.TIM2_IRQHandler) for TIM2_IRQHandler
    startup_stm32f103xb.o(RESET) refers to stm32f1xx_it.o(i.USART1_IRQHandler) for USART1_IRQHandler
    startup_stm32f103xb.o(.text) refers to system_stm32f1xx.o(i.SystemInit) for SystemInit
    startup_stm32f103xb.o(.text) refers to entry.o(.ARM.Collect$$$$00000000) for __main
    main.o(i.HAL_TIM_PeriodElapsedCallback) refers to stm32f1xx_hal.o(i.HAL_IncTick) for HAL_IncTick
    main.o(i.HAL_TIM_PeriodElapsedCallback) refers to tim.o(i.Clock_Time) for Clock_Time
    main.o(i.HAL_TIM_PeriodElapsedCallback) refers to tim.o(.bss) for htim2
    main.o(i.SystemClock_Config) refers to memseta.o(.text) for __aeabi_memclr4
    main.o(i.SystemClock_Config) refers to stm32f1xx_hal_rcc.o(i.HAL_RCC_OscConfig) for HAL_RCC_OscConfig
    main.o(i.SystemClock_Config) refers to main.o(i.Error_Handler) for Error_Handler
    main.o(i.SystemClock_Config) refers to stm32f1xx_hal_rcc.o(i.HAL_RCC_ClockConfig) for HAL_RCC_ClockConfig
    main.o(i.main) refers to stm32f1xx_hal.o(i.HAL_Init) for HAL_Init
    main.o(i.main) refers to main.o(i.SystemClock_Config) for SystemClock_Config
    main.o(i.main) refers to gpio.o(i.MX_GPIO_Init) for MX_GPIO_Init
    main.o(i.main) refers to tim.o(i.MX_TIM2_Init) for MX_TIM2_Init
    main.o(i.main) refers to usart.o(i.MX_USART1_UART_Init) for MX_USART1_UART_Init
    main.o(i.main) refers to printf3.o(i.__0printf$3) for __2printf
    main.o(i.main) refers to bsp_pca9685.o(i.PCA9685_Init) for PCA9685_Init
    main.o(i.main) refers to stm32f1xx_hal_tim.o(i.HAL_TIM_Base_Start_IT) for HAL_TIM_Base_Start_IT
    main.o(i.main) refers to stm32f1xx_hal_uart.o(i.HAL_UART_Receive_IT) for HAL_UART_Receive_IT
    main.o(i.main) refers to freertos.o(i.MX_FREERTOS_Init) for MX_FREERTOS_Init
    main.o(i.main) refers to cmsis_os.o(i.osKernelStart) for osKernelStart
    main.o(i.main) refers to tim.o(.bss) for htim2
    main.o(i.main) refers to remote.o(.data) for ControlBuffer
    main.o(i.main) refers to usart.o(.bss) for huart1
    gpio.o(i.MX_GPIO_Init) refers to stm32f1xx_hal_gpio.o(i.HAL_GPIO_WritePin) for HAL_GPIO_WritePin
    gpio.o(i.MX_GPIO_Init) refers to stm32f1xx_hal_gpio.o(i.HAL_GPIO_Init) for HAL_GPIO_Init
    freertos.o(i.MX_FREERTOS_Init) refers to memcpya.o(.text) for __aeabi_memcpy4
    freertos.o(i.MX_FREERTOS_Init) refers to cmsis_os.o(i.osThreadCreate) for osThreadCreate
    freertos.o(i.MX_FREERTOS_Init) refers to start_task.o(i.StartTest) for StartTest
    freertos.o(i.MX_FREERTOS_Init) refers to freertos.o(.constdata) for .constdata
    freertos.o(i.MX_FREERTOS_Init) refers to freertos.o(.data) for defaultTaskHandle
    freertos.o(i.StartDefaultTask) refers to stm32f1xx_hal_gpio.o(i.HAL_GPIO_TogglePin) for HAL_GPIO_TogglePin
    freertos.o(i.StartDefaultTask) refers to cmsis_os.o(i.osDelay) for osDelay
    freertos.o(i.vApplicationGetIdleTaskMemory) refers to freertos.o(.bss) for xIdleTaskTCBBuffer
    freertos.o(.constdata) refers to freertos.o(.conststring) for .conststring
    freertos.o(.constdata) refers to freertos.o(i.StartDefaultTask) for StartDefaultTask
    tim.o(i.Clock_Time) refers to dfltui.o(.text) for __aeabi_ui2d
    tim.o(i.Clock_Time) refers to f2d.o(.text) for __aeabi_f2d
    tim.o(i.Clock_Time) refers to dmul.o(.text) for __aeabi_dmul
    tim.o(i.Clock_Time) refers to d2f.o(.text) for __aeabi_d2f
    tim.o(i.Clock_Time) refers to cfrcmple.o(.text) for __aeabi_cfrcmple
    tim.o(i.Clock_Time) refers to tim.o(.data) for time
    tim.o(i.Clock_Time) refers to gait_task.o(.bss) for Trot
    tim.o(i.Clock_t) refers to tim.o(.data) for clock_t
    tim.o(i.HAL_TIM_Base_MspDeInit) refers to stm32f1xx_hal_cortex.o(i.HAL_NVIC_DisableIRQ) for HAL_NVIC_DisableIRQ
[...]
    .text                                    0x080007b6   Section        0  f2d.o(.text)
    .text                                    0x080007dc   Section        0  d2f.o(.text)
    .text                                    0x08000814   Section       20  cfcmple.o(.text)
    .text                                    0x08000828   Section       20  cfrcmple.o(.text)
    .text                                    0x0800083c   Section        0  uidiv.o(.text)
    .text                                    0x08000868   Section        0  llshl.o(.text)
    .text                                    0x08000886   Section        0  llsshr.o(.text)
    .text                                    0x080008aa   Section        0  iusefp.o(.text)
    .text                                    0x080008aa   Section        0  fepilogue.o(.text)
    .text                                    0x08000918   Section        0  depilogue.o(.text)
    .text                                    0x080009d2   Section        0  dscalb.o(.text)
    .text                                    0x08000a00   Section        0  dsqrt.o(.text)
    .text                                    0x08000aa4   Section       48  cdrcmple.o(.text)
    .text                                    0x08000ad4   Section       36  init.o(.text)
    i.BusFault_Handler                       0x08000af8   Section        0  stm32f1xx_it.o(i.BusFault_Handler)
    i.Clock_Time                             0x08000afc   Section        0  tim.o(i.Clock_Time)
    i.Clock_t                                0x08000b98   Section        0  tim.o(i.Clock_t)
    i.Control                                0x08000ba0   Section        0  gait_task.o(i.Control)
    Control                                  0x08000ba1   Thumb Code   278  gait_task.o(i.Control)
    i.Crank_Angle_Control                    0x08000cd8   Section        0  legged.o(i.Crank_Angle_Control)
    Crank_Angle_Control                      0x08000cd9   Thumb Code   506  legged.o(i.Crank_Angle_Control)
    i.DebugMon_Handler                       0x08000ef0   Section        0  stm32f1xx_it.o(i.DebugMon_Handler)
    i.Error_Handler                          0x08000ef2   Section        0  main.o(i.Error_Handler)
    i.Gait_Init                              0x08000ef4   Section        0  gait_task.o(i.Gait_Init)
    Gait_Init                                0x08000ef5   Thumb Code    60  gait_task.o(i.Gait_Init)
    i.Gait_Loop                              0x08000f30   Section        0  gait_task.o(i.Gait_Loop)
    Gait_Loop                                0x08000f31   Thumb Code   132  gait_task.o(i.Gait_Loop)
    i.Gait_Task                              0x08000fbc   Section        0  gait_task.o(i.Gait_Task)
    i.Get_ControlData                        0x08000fdc   Section        0  remote.o(i.Get_ControlData)
    i.HAL_DMA_Abort_IT                       0x08001088   Section        0  stm32f1xx_hal_dma.o(i.HAL_DMA_Abort_IT)
    i.HAL_Delay                              0x08001138   Section        0  stm32f1xx_hal.o(i.HAL_Delay)
    i.HAL_GPIO_Init                          0x08001160   Section        0  stm32f1xx_hal_gpio.o(i.HAL_GPIO_Init)
    i.HAL_GPIO_TogglePin                     0x08001480   Section        0  stm32f1xx_hal_gpio.o(i.HAL_GPIO_TogglePin)
    i.HAL_GPIO_WritePin                      0x0800148e   Section        0  stm32f1xx_hal_gpio.o(i.HAL_GPIO_WritePin)
    i.HAL_GetTick                            0x0800149c   Section        0  stm32f1xx_hal.o(i.HAL_GetTick)
    i.HAL_IncTick                            0x080014a8   Section        0  stm32f1xx_hal.o(i.HAL_IncTick)
    i.HAL_Init                               0x080014c0   Section        0  stm32f1xx_hal.o(i.HAL_Init)
    i.HAL_InitTick                           0x080014e8   Section        0  stm32f1xx_hal_timebase_tim.o(i.HAL_InitTick)
    i.HAL_MspInit                            0x08001570   Section        0  stm32f1xx_hal_msp.o(i.HAL_MspInit)
    i.HAL_NVIC_EnableIRQ                     0x080015c4   Section        0  stm32f1xx_hal_cortex.o(i.HAL_NVIC_EnableIRQ)
    i.HAL_NVIC_SetPriority                   0x080015e4   Section        0  stm32f1xx_hal_cortex.o(i.HAL_NVIC_SetPriority)
    i.HAL_NVIC_SetPriorityGrouping           0x08001660   Section        0  stm32f1xx_hal_cortex.o(i.HAL_NVIC_SetPriorityGrouping)
    i.HAL_RCC_ClockConfig                    0x08001688   Section        0  stm32f1xx_hal_rcc.o(i.HAL_RCC_ClockConfig)
    i.HAL_RCC_GetClockConfig                 0x08001814   Section        0  stm32f1xx_hal_rcc.o(i.HAL_RCC_GetClockConfig)
    i.HAL_RCC_GetHCLKFreq                    0x08001858   Section        0  stm32f1xx_hal_rcc.o(i.HAL_RCC_GetHCLKFreq)
    i.HAL_RCC_GetPCLK1Freq                   0x08001864   Section        0  stm32f1xx_hal_rcc.o(i.HAL_RCC_GetPCLK1Freq)
    i.HAL_RCC_GetPCLK2Freq                   0x08001884   Section        0  stm32f1xx_hal_rcc.o(i.HAL_RCC_GetPCLK2Freq)
    i.HAL_RCC_GetSysClockFreq                0x080018a4   Section        0  stm32f1xx_hal_rcc.o(i.HAL_RCC_GetSysClockFreq)
    i.HAL_RCC_OscConfig                      0x08001938   Section        0  stm32f1xx_hal_rcc.o(i.HAL_RCC_OscConfig)
    i.HAL_TIMEx_BreakCallback                0x08001d9c   Section        0  stm32f1xx_hal_tim_ex.o(i.HAL_TIMEx_BreakCallback)
    i.HAL_TIMEx_CommutCallback               0x08001d9e   Section        0  stm32f1xx_hal_tim_ex.o(i.HAL_TIMEx_CommutCallback)
    i.HAL_TIMEx_MasterConfigSynchronization  0x08001da0   Section        0  stm32f1xx_hal_tim_ex.o(i.HAL_TIMEx_MasterConfigSynchronization)
    i.HAL_TIM_Base_Init                      0x08001df4   Section        0  stm32f1xx_hal_tim.o(i.HAL_TIM_Base_Init)
    i.HAL_TIM_Base_MspInit                   0x08001e28   Section        0  tim.o(i.HAL_TIM_Base_MspInit)
    i.HAL_TIM_Base_Start_IT                  0x08001e68   Section        0  stm32f1xx_hal_tim.o(i.HAL_TIM_Base_Start_IT)
    i.HAL_TIM_ConfigClockSource              0x08001e92   Section        0  stm32f1xx_hal_tim.o(i.HAL_TIM_ConfigClockSource)
    i.HAL_TIM_IC_CaptureCallback             0x08001f9a   Section        0  stm32f1xx_hal_tim.o(i.HAL_TIM_IC_CaptureCallback)
    i.HAL_TIM_IRQHandler                     0x08001f9c   Section        0  stm32f1xx_hal_tim.o(i.HAL_TIM_IRQHandler)
    i.HAL_TIM_OC_DelayElapsedCallback        0x08002132   Section        0  stm32f1xx_hal_tim.o(i.HAL_TIM_OC_DelayElapsedCallback)
    i.HAL_TIM_PWM_PulseFinishedCallback      0x08002134   Section        0  stm32f1xx_hal_tim.o(i.HAL_TIM_PWM_PulseFinishedCallback)
    i.HAL_TIM_PeriodElapsedCallback          0x08002138   Section        0  main.o(i.HAL_TIM_PeriodElapsedCallback)
    i.HAL_TIM_TriggerCallback                0x0800215c   Section        0  stm32f1xx_hal_tim.o(i.HAL_TIM_TriggerCallback)
    i.HAL_UART_ErrorCallback                 0x0800215e   Section        0  stm32f1xx_hal_uart.o(i.HAL_UART_ErrorCallback)
    i.HAL_UART_IRQHandler                    0x08002160   Section        0  stm32f1xx_hal_uart.o(i.HAL_UART_IRQHandler)
    i.HAL_UART_Init                          0x080022ac   Section        0  stm32f1xx_hal_uart.o(i.HAL_UART_Init)
    i.HAL_UART_MspInit                       0x08002320   Section        0  usart.o(i.HAL_UART_MspInit)
    i.HAL_UART_Receive_IT                    0x080023b8   Section        0  stm32f1xx_hal_uart.o(i.HAL_UART_Receive_IT)
    i.HAL_UART_RxCpltCallback                0x08002428   Section        0  bsp_uart.o(i.HAL_UART_RxCpltCallback)
    i.HAL_UART_Transmit                      0x08002450   Section        0  stm32f1xx_hal_uart.o(i.HAL_UART_Transmit)
    i.HAL_UART_TxCpltCallback                0x08002526   Section        0  stm32f1xx_hal_uart.o(i.HAL_UART_TxCpltCallback)
    i.HardFault_Handler                      0x08002528   Section        0  stm32f1xx_it.o(i.HardFault_Handler)
    i.IIC_Ack                                0x0800252c   Section        0  bsp_iic.o(i.IIC_Ack)
    i.IIC_NAck                               0x08002578   Section        0  bsp_iic.o(i.IIC_NAck)
    i.IIC_Read_Byte                          0x080025c4   Section        0  bsp_iic.o(i.IIC_Read_Byte)
    i.IIC_Send_Byte                          0x08002630   Section        0  bsp_iic.o(i.IIC_Send_Byte)
    i.IIC_Start                              0x08002690   Section        0  bsp_iic.o(i.IIC_Start)
    i.IIC_Stop                               0x080026d8   Section        0  bsp_iic.o(i.IIC_Stop)
    i.IIC_Wait_Ack                           0x08002720   Section        0  bsp_iic.o(i.IIC_Wait_Ack)
    i.Inverse_Init                           0x08002784   Section        0  legged.o(i.Inverse_Init)
    i.Inverse_Solution                       0x08002790   Section        0  legged.o(i.Inverse_Solution)
    i.Legged_Converter                       0x08002e98   Section        0  gait_task.o(i.Legged_Converter)
    Legged_Converter                         0x08002e99   Thumb Code   122  gait_task.o(i.Legged_Converter)
    i.Link_Init                              0x08002f14   Section        0  legged.o(i.Link_Init)
    Link_Init                                0x08002f15   Thumb Code    28  legged.o(i.Link_Init)
    i.MX_FREERTOS_Init                       0x08002f38   Section        0  freertos.o(i.MX_FREERTOS_Init)
    i.MX_GPIO_Init                           0x08002f64   Section        0  gpio.o(i.MX_GPIO_Init)
    i.MX_TIM2_Init                           0x08003034   Section        0  tim.o(i.MX_TIM2_Init)
    i.MX_USART1_UART_Init                    0x080030a0   Section        0  usart.o(i.MX_USART1_UART_Init)
    i.MemManage_Handler                      0x080030d8   Section        0  stm32f1xx_it.o(i.MemManage_Handler)
    i.NMI_Handler                            0x080030dc   Section        0  stm32f1xx_it.o(i.NMI_Handler)
    i.PCA9685_Init                           0x080030de   Section        0  bsp_pca9685.o(i.PCA9685_Init)
    i.PCA9685_read                           0x080030f2   Section        0  bsp_pca9685.o(i.PCA9685_read)
    i.PCA9685_write                          0x0800312c   Section        0  bsp_pca9685.o(i.PCA9685_write)
    i.PCA_MG90                               0x0800315a   Section        0  bsp_pca9685.o(i.PCA_MG90)
    i.RCC_Delay                              0x08003174   Section        0  stm32f1xx_hal_rcc.o(i.RCC_Delay)
    RCC_Delay                                0x08003175   Thumb Code    36  stm32f1xx_hal_rcc.o(i.RCC_Delay)
    i.Remote_control                         0x0800319c   Section        0  remote.o(i.Remote_control)
    i.StartDefaultTask                       0x0800320c   Section        0  freertos.o(i.StartDefaultTask)
    i.StartTest                              0x08003224   Section        0  start_task.o(i.StartTest)
    i.SysTick_Handler                        0x0800324c   Section        0  port.o(i.SysTick_Handler)
    i.SystemClock_Config                     0x08003280   Section        0  main.o(i.SystemClock_Config)
    i.SystemInit                             0x080032e8   Section        0  system_stm32f1xx.o(i.SystemInit)
    i.TIM1_UP_IRQHandler                     0x08003340   Section        0  stm32f1xx_it.o(i.TIM1_UP_IRQHandler)
    i.TIM2_IRQHandler                        0x08003350   Section        0  stm32f1xx_it.o(i.TIM2_IRQHandler)
    i.TIM_Base_SetConfig                     0x08003360   Section        0  stm32f1xx_hal_tim.o(i.TIM_Base_SetConfig)
    i.TIM_ETR_SetConfig                      0x080033d4   Section        0  stm32f1xx_hal_tim.o(i.TIM_ETR_SetConfig)
    i.TIM_ITRx_SetConfig                     0x080033ea   Section        0  stm32f1xx_hal_tim.o(i.TIM_ITRx_SetConfig)
    TIM_ITRx_SetConfig                       0x080033eb   Thumb Code    18  stm32f1xx_hal_tim.o(i.TIM_ITRx_SetConfig)
    i.TIM_TI1_ConfigInputStage               0x080033fc   Section        0  stm32f1xx_hal_tim.o(i.TIM_TI1_ConfigInputStage)
    TIM_TI1_ConfigInputStage                 0x080033fd   Thumb Code    38  stm32f1xx_hal_tim.o(i.TIM_TI1_ConfigInputStage)
    i.TIM_TI2_ConfigInputStage               0x08003422   Section        0  stm32f1xx_hal_tim.o(i.TIM_TI2_ConfigInputStage)
    TIM_TI2_ConfigInputStage                 0x08003423   Thumb Code    40  stm32f1xx_hal_tim.o(i.TIM_TI2_ConfigInputStage)
    i.Trajectory_Coordinate_Converter        0x0800344a   Section        0  legged.o(i.Trajectory_Coordinate_Converter)
    i.Trajectory_Planning                    0x0800349c   Section        0  trajectory.o(i.Trajectory_Planning)
    i.Trot_Cycle_Init                        0x08003624   Section        0  gait_task.o(i.Trot_Cycle_Init)
    Trot_Cycle_Init                          0x08003625   Thumb Code    40  gait_task.o(i.Trot_Cycle_Init)
    i.UART_DMAAbortOnError                   0x08003650   Section        0  stm32f1xx_hal_uart.o(i.UART_DMAAbortOnError)
    UART_DMAAbortOnError                     0x08003651   Thumb Code    20  stm32f1xx_hal_uart.o(i.UART_DMAAbortOnError)
    i.UART_EndRxTransfer                     0x08003664   Section        0  stm32f1xx_hal_uart.o(i.UART_EndRxTransfer)
    UART_EndRxTransfer                       0x08003665   Thumb Code    32  stm32f1xx_hal_uart.o(i.UART_EndRxTransfer)
    i.UART_EndTransmit_IT                    0x08003684   Section        0  stm32f1xx_hal_uart.o(i.UART_EndTransmit_IT)
    UART_EndTransmit_IT                      0x08003685   Thumb Code    32  stm32f1xx_hal_uart.o(i.UART_EndTransmit_IT)
    i.UART_Receive_IT                        0x080036a4   Section        0  stm32f1xx_hal_uart.o(i.UART_Receive_IT)
    UART_Receive_IT                          0x080036a5   Thumb Code   166  stm32f1xx_hal_uart.o(i.UART_Receive_IT)
    i.UART_SetConfig                         0x0800374c   Section        0  stm32f1xx_hal_uart.o(i.UART_SetConfig)
    UART_SetConfig                           0x0800374d   Thumb Code   412  stm32f1xx_hal_uart.o(i.UART_SetConfig)
    i.UART_Transmit_IT                       0x080038ec   Section        0  stm32f1xx_hal_uart.o(i.UART_Transmit_IT)
    UART_Transmit_IT                         0x080038ed   Thumb Code   104  stm32f1xx_hal_uart.o(i.UART_Transmit_IT)
    i.UART_WaitOnFlagUntilTimeout            0x08003954   Section        0  stm32f1xx_hal_uart.o(i.UART_WaitOnFlagUntilTimeout)
    UART_WaitOnFlagUntilTimeout              0x08003955   Thumb Code   108  stm32f1xx_hal_uart.o(i.UART_WaitOnFlagUntilTimeout)
    i.USART1_IRQHandler                      0x080039c0   Section        0  stm32f1xx_it.o(i.USART1_IRQHandler)
    i.UsageFault_Handler                     0x080039d0   Section        0  stm32f1xx_it.o(i.UsageFault_Handler)
    i.__0printf$3                            0x080039d4   Section        0  printf3.o(i.__0printf$3)
    i.__ARM_fpclassify                       0x080039f4   Section        0  fpclassify.o(i.__ARM_fpclassify)
    i.__NVIC_GetPriorityGrouping             0x08003a1c   Section        0  stm32f1xx_hal_cortex.o(i.__NVIC_GetPriorityGrouping)
    __NVIC_GetPriorityGrouping               0x08003a1d   Thumb Code    10  stm32f1xx_hal_cortex.o(i.__NVIC_GetPriorityGrouping)
    i.__NVIC_SetPriority                     0x08003a2c   Section        0  stm32f1xx_hal_cortex.o(i.__NVIC_SetPriority)
    __NVIC_SetPriority                       0x08003a2d   Thumb Code    32  stm32f1xx_hal_cortex.o(i.__NVIC_SetPriority)
    i.__ieee754_rem_pio2                     0x08003a54   Section        0  rred.o(i.__ieee754_rem_pio2)
    i.__kernel_cos                           0x08003ddc   Section        0  cos_i.o(i.__kernel_cos)
    i.__kernel_poly                          0x08003ed8   Section        0  poly.o(i.__kernel_poly)
    i.__kernel_sin                           0x08003f84   Section        0  sin_i.o(i.__kernel_sin)
    i.__mathlib_dbl_divzero                  0x08004070   Section        0  dunder.o(i.__mathlib_dbl_divzero)
    i.__mathlib_dbl_infnan                   0x08004080   Section        0  dunder.o(i.__mathlib_dbl_infnan)
    i.__mathlib_dbl_infnan2                  0x08004086   Section        0  dunder.o(i.__mathlib_dbl_infnan2)
    i.__mathlib_dbl_invalid                  0x0800408a   Section        0  dunder.o(i.__mathlib_dbl_invalid)
    i.__mathlib_dbl_overflow                 0x08004096   Section        0  dunder.o(i.__mathlib_dbl_overflow)
    i.__mathlib_dbl_underflow                0x080040a4   Section        0  dunder.o(i.__mathlib_dbl_underflow)
    i.__scatterload_copy                     0x080040b4   Section       14  handlers.o(i.__scatterload_copy)
    i.__scatterload_null                     0x080040c2   Section        2  handlers.o(i.__scatterload_null)
    i.__scatterload_zeroinit                 0x080040c4   Section       14  handlers.o(i.__scatterload_zeroinit)
    i.__set_errno                            0x080040d4   Section        0  errno.o(i.__set_errno)
    i._printf_core                           0x080040e0   Section        0  printf3.o(i._printf_core)
    _printf_core                             0x080040e1   Thumb Code   436  printf3.o(i._printf_core)
    i.acos                                   0x08004298   Section        0  acos.o(i.acos)
    i.calculate_PWM                          0x08004514   Section        0  bsp_pca9685.o(i.calculate_PWM)
    i.cos                                    0x08004558   Section        0  cos.o(i.cos)
    i.floor                                  0x080045f4   Section        0  floor.o(i.floor)
    i.fputc                                  0x080046d0   Section        0  usart.o(i.fputc)
    i.i2c_Delay                              0x080046ec   Section        0  bsp_iic.o(i.i2c_Delay)
    i2c_Delay                                0x080046ed   Thumb Code    14  bsp_iic.o(i.i2c_Delay)
    i.main                                   0x080046fc   Section        0  main.o(i.main)
    i.makeFreeRtosPriority                   0x08004758   Section        0  cmsis_os.o(i.makeFreeRtosPriority)
    makeFreeRtosPriority                     0x08004759   Thumb Code    14  cmsis_os.o(i.makeFreeRtosPriority)
    i.osDelay                                0x08004766   Section        0  cmsis_os.o(i.osDelay)
    i.osKernelStart                          0x0800477e   Section        0  cmsis_os.o(i.osKernelStart)
    i.osThreadCreate                         0x08004788   Section        0  cmsis_os.o(i.osThreadCreate)
    i.pow                                    0x080047e8   Section        0  pow.o(i.pow)
    i.prvAddCurrentTaskToDelayedList         0x080051c0   Section        0  tasks.o(i.prvAddCurrentTaskToDelayedList)
    prvAddCurrentTaskToDelayedList           0x080051c1   Thumb Code   124  tasks.o(i.prvAddCurrentTaskToDelayedList)
    i.prvAddNewTaskToReadyList               0x08005258   Section        0  tasks.o(i.prvAddNewTaskToReadyList)
    prvAddNewTaskToReadyList                 0x08005259   Thumb Code   156  tasks.o(i.prvAddNewTaskToReadyList)
    i.prvCheckTasksWaitingTermination        0x08005310   Section        0  tasks.o(i.prvCheckTasksWaitingTermination)
    prvCheckTasksWaitingTermination          0x08005311   Thumb Code    60  tasks.o(i.prvCheckTasksWaitingTermination)
    i.prvDeleteTCB                           0x08005358   Section        0  tasks.o(i.prvDeleteTCB)
    prvDeleteTCB                             0x08005359   Thumb Code    80  tasks.o(i.prvDeleteTCB)
    i.prvHeapInit                            0x080053a8   Section        0  heap_4.o(i.prvHeapInit)
    prvHeapInit                              0x080053a9   Thumb Code    98  heap_4.o(i.prvHeapInit)
    i.prvIdleTask                            0x08005424   Section        0  tasks.o(i.prvIdleTask)
    prvIdleTask                              0x08005425   Thumb Code    32  tasks.o(i.prvIdleTask)
    i.prvInitialiseNewTask                   0x0800544c   Section        0  tasks.o(i.prvInitialiseNewTask)
    prvInitialiseNewTask                     0x0800544d   Thumb Code   180  tasks.o(i.prvInitialiseNewTask)
    i.prvInitialiseTaskLists                 0x08005500   Section        0  tasks.o(i.prvInitialiseTaskLists)
    prvInitialiseTaskLists                   0x08005501   Thumb Code    70  tasks.o(i.prvInitialiseTaskLists)
    i.prvInsertBlockIntoFreeList             0x08005568   Section        0  heap_4.o(i.prvInsertBlockIntoFreeList)
    prvInsertBlockIntoFreeList               0x08005569   Thumb Code    96  heap_4.o(i.prvInsertBlockIntoFreeList)
    i.prvResetNextTaskUnblockTime            0x080055d0   Section        0  tasks.o(i.prvResetNextTaskUnblockTime)
    prvResetNextTaskUnblockTime              0x080055d1   Thumb Code    42  tasks.o(i.prvResetNextTaskUnblockTime)
    i.prvTaskExitError                       0x08005604   Section        0  port.o(i.prvTaskExitError)
    prvTaskExitError                         0x08005605   Thumb Code    60  port.o(i.prvTaskExitError)
    i.pvPortMalloc                           0x08005644   Section        0  heap_4.o(i.pvPortMalloc)
    i.pxPortInitialiseStack                  0x08005780   Section        0  port.o(i.pxPortInitialiseStack)
    i.setPWM                                 0x080057a4   Section        0  bsp_pca9685.o(i.setPWM)
    i.setPWMFreq                             0x080057e0   Section        0  bsp_pca9685.o(i.setPWMFreq)
    i.sin                                    0x08005878   Section        0  sin.o(i.sin)
    i.sqrt                                   0x08005918   Section        0  sqrt.o(i.sqrt)
    i.uxListRemove                           0x08005964   Section        0  list.o(i.uxListRemove)
    i.vApplicationGetIdleTaskMemory          0x0800598c   Section        0  freertos.o(i.vApplicationGetIdleTaskMemory)
    i.vListInitialise                        0x080059a4   Section        0  list.o(i.vListInitialise)
    i.vListInitialiseItem                    0x080059be   Section        0  list.o(i.vListInitialiseItem)
    i.vListInsert                            0x080059c4   Section        0  list.o(i.vListInsert)
    i.vListInsertEnd                         0x080059f8   Section        0  list.o(i.vListInsertEnd)
    i.vPortEnterCritical                     0x08005a10   Section        0  port.o(i.vPortEnterCritical)
    i.vPortExitCritical                      0x08005a64   Section        0  port.o(i.vPortExitCritical)
    i.vPortFree                              0x08005aa0   Section        0  heap_4.o(i.vPortFree)
    i.vPortSetupTimerInterrupt               0x08005b34   Section        0  port.o(i.vPortSetupTimerInterrupt)
    i.vTaskDelay                             0x08005b5c   Section        0  tasks.o(i.vTaskDelay)
    i.vTaskStartScheduler                    0x08005bb8   Section        0  tasks.o(i.vTaskStartScheduler)
    i.vTaskSuspendAll                        0x08005c68   Section        0  tasks.o(i.vTaskSuspendAll)
    i.vTaskSwitchContext                     0x08005c78   Section        0  tasks.o(i.vTaskSwitchContext)
    i.xPortStartScheduler                    0x08005d04   Section        0  port.o(i.xPortStartScheduler)
    i.xTaskCreate                            0x08005dfc   Section        0  tasks.o(i.xTaskCreate)
    i.xTaskCreateStatic                      0x08005e60   Section        0  tasks.o(i.xTaskCreateStatic)
    i.xTaskIncrementTick                     0x08005f18   Section        0  tasks.o(i.xTaskIncrementTick)
    i.xTaskResumeAll                         0x08006060   Section        0  tasks.o(i.xTaskResumeAll)
    .constdata                               0x08006164   Section       28  freertos.o(.constdata)
    .constdata                               0x08006180   Section       28  start_task.o(.constdata)
    .constdata                               0x0800619c   Section       24  system_stm32f1xx.o(.constdata)
    .constdata                               0x080061b8   Section       80  acos.o(.constdata)
    pS                                       0x080061b8   Data          48  acos.o(.constdata)
    qS                                       0x080061e8   Data          32  acos.o(.constdata)
    .constdata                               0x08006208   Section      136  pow.o(.constdata)
    bp                                       0x08006208   Data          16  pow.o(.constdata)
    dp_h                                     0x08006218   Data          16  pow.o(.constdata)
    dp_l                                     0x08006228   Data          16  pow.o(.constdata)
    L                                        0x08006238   Data          48  pow.o(.constdata)
    P                                        0x08006268   Data          40  pow.o(.constdata)
    .constdata                               0x08006290   Section       48  cos_i.o(.constdata)
    C                                        0x08006290   Data          48  cos_i.o(.constdata)
    .constdata                               0x080062c0   Section        8  qnan.o(.constdata)
    .constdata                               0x080062c8   Section      200  rred.o(.constdata)
    pio2s                                    0x080062c8   Data          48  rred.o(.constdata)
    twooverpi                                0x080062f8   Data         152  rred.o(.constdata)
    .constdata                               0x08006390   Section       40  sin_i.o(.constdata)
    S                                        0x08006390   Data          40  sin_i.o(.constdata)
    .conststring                             0x080063b8   Section       12  freertos.o(.conststring)
    .conststring                             0x080063c4   Section       10  start_task.o(.conststring)
    .data                                    0x20000000   Section        4  freertos.o(.data)
    .data                                    0x20000004   Section        8  tim.o(.data)
    time                                     0x20000004   Data           4  tim.o(.data)
    clock_t                                  0x20000008   Data           4  tim.o(.data)
    .data                                    0x2000000c   Section        4  start_task.o(.data)
    .data                                    0x20000010   Section        2  gait_task.o(.data)
    .data                                    0x20000012   Section        8  remote.o(.data)
    .data                                    0x2000001c   Section        9  stm32f1xx_hal.o(.data)
    .data                                    0x20000028   Section        4  system_stm32f1xx.o(.data)
    .data                                    0x2000002c   Section       60  tasks.o(.data)
    pxDelayedTaskList                        0x20000030   Data           4  tasks.o(.data)
    pxOverflowDelayedTaskList                0x20000034   Data           4  tasks.o(.data)
    uxDeletedTasksWaitingCleanUp             0x20000038   Data           4  tasks.o(.data)
    uxCurrentNumberOfTasks                   0x2000003c   Data           4  tasks.o(.data)
    xTickCount                               0x20000040   Data           4  tasks.o(.data)
    uxTopReadyPriority                       0x20000044   Data           4  tasks.o(.data)
    xSchedulerRunning                        0x20000048   Data           4  tasks.o(.data)
    uxPendedTicks                            0x2000004c   Data           4  tasks.o(.data)
    xYieldPending                            0x20000050   Data           4  tasks.o(.data)
    xNumOfOverflows                          0x20000054   Data           4  tasks.o(.data)
    uxTaskNumber                             0x20000058   Data           4  tasks.o(.data)
    xNextTaskUnblockTime                     0x2000005c   Data           4  tasks.o(.data)
    xIdleTaskHandle                          0x20000060   Data           4  tasks.o(.data)
    uxSchedulerSuspended                     0x20000064   Data           4  tasks.o(.data)
    .data                                    0x20000068   Section       24  heap_4.o(.data)
    xStart                                   0x20000068   Data           8  heap_4.o(.data)
    pxEnd                                    0x20000070   Data           4  heap_4.o(.data)
    xFreeBytesRemaining                      0x20000074   Data           4  heap_4.o(.data)
    xMinimumEverFreeBytesRemaining           0x20000078   Data           4  heap_4.o(.data)
    xBlockAllocatedBit                       0x2000007c   Data           4  heap_4.o(.data)
    .data                                    0x20000080   Section       12  port.o(.data)
    uxCriticalNesting                        0x20000080   Data           4  port.o(.data)
    ucMaxSysCallPriority                     0x20000084   Data           1  port.o(.data)
    ulMaxPRIGROUPValue                       0x20000088   Data           4  port.o(.data)
    .data                                    0x2000008c   Section        4  stdout.o(.data)
    .data                                    0x20000090   Section        4  errno.o(.data)
    _errno                                   0x20000090   Data           4  errno.o(.data)
    .bss                                     0x20000094   Section      604  freertos.o(.bss)
    xIdleTaskTCBBuffer                       0x20000094   Data          92  freertos.o(.bss)
    xIdleStack                               0x200000f0   Data         512  freertos.o(.bss)
    .bss                                     0x200002f0   Section       64  tim.o(.bss)
    .bss                                     0x20000330   Section       64  usart.o(.bss)
    .bss                                     0x20000370   Section       64  stm32f1xx_hal_timebase_tim.o(.bss)
    .bss                                     0x200003b0   Section      400  gait_task.o(.bss)
    .bss                                     0x20000540   Section      240  tasks.o(.bss)
    pxReadyTasksLists                        0x20000540   Data         140  tasks.o(.bss)
    xDelayedTaskList1                        0x200005cc   Data          20  tasks.o(.bss)
    xDelayedTaskList2                        0x200005e0   Data          20  tasks.o(.bss)
    xPendingReadyList                        0x200005f4   Data          20  tasks.o(.bss)
    xTasksWaitingTermination                 0x20000608   Data          20  tasks.o(.bss)
    xSuspendedTaskList                       0x2000061c   Data          20  tasks.o(.bss)
    .bss                                     0x20000630   Section     3072  heap_4.o(.bss)
    ucHeap                                   0x20000630   Data        3072  heap_4.o(.bss)
    STACK                                    0x20001230   Section     1024  startup_stm32f103xb.o(STACK)

    Global Symbols

    Symbol Name                              Value     Ov Type        Size  Object(Section)

    BuildAttributes$$THM_ISAv4$P$D$K$B$S$PE$A:L22UL41UL21$X:L11$S22US41US21$IEEE1$IW$USESV6$~STKCKD$USESV7$~SHL$OTIME$ROPI$IEEEX$EBA8$MICROLIB$REQ8$PRES8$EABIv2 0x00000000   Number         0  anon$$obj.o ABSOLUTE
    __ARM_use_no_argv                        0x00000000   Number         0  main.o ABSOLUTE
    _printf_a                                0x00000000   Number         0  stubs.o ABSOLUTE
    _printf_c                                0x00000000   Number         0  stubs.o ABSOLUTE
    _printf_charcount                        0x00000000   Number         0  stubs.o ABSOLUTE
    _printf_d                                0x00000000   Number         0  stubs.o ABSOLUTE
    _printf_e                                0x00000000   Number         0  stubs.o ABSOLUTE
    _printf_f                                0x00000000   Number         0  stubs.o ABSOLUTE
    _printf_flags                            0x00000000   Number         0  stubs.o ABSOLUTE
    _printf_fp_dec                           0x00000000   Number         0  stubs.o ABSOLUTE
    _printf_fp_hex                           0x00000000   Number         0  stubs.o ABSOLUTE
    _printf_g                                0x00000000   Number         0  stubs.o ABSOLUTE
    _printf_i                                0x00000000   Number         0  stubs.o ABSOLUTE
    _printf_int_dec                          0x00000000   Number         0  stubs.o ABSOLUTE
    _printf_l                                0x00000000   Number         0  stubs.o ABSOLUTE
    _printf_lc                               0x00000000   Number         0  stubs.o ABSOLUTE
    _printf_ll                               0x00000000   Number         0  stubs.o ABSOLUTE
    _printf_lld                              0x00000000   Number         0  stubs.o ABSOLUTE
    _printf_lli                              0x00000000   Number         0  stubs.o ABSOLUTE
    _printf_llo                              0x00000000   Number         0  stubs.o ABSOLUTE
    _printf_llu                              0x00000000   Number         0  stubs.o ABSOLUTE
    _printf_llx                              0x00000000   Number         0  stubs.o ABSOLUTE
    _printf_longlong_dec                     0x00000000   Number         0  stubs.o ABSOLUTE
    _printf_longlong_hex                     0x00000000   Number         0  stubs.o ABSOLUTE
    _printf_longlong_oct                     0x00000000   Number         0  stubs.o ABSOLUTE
    _printf_ls                               0x00000000   Number         0  stubs.o ABSOLUTE
    _printf_mbtowc                           0x00000000   Number         0  stubs.o ABSOLUTE
    _printf_n                                0x00000000   Number         0  stubs.o ABSOLUTE
    _printf_o                                0x00000000   Number         0  stubs.o ABSOLUTE
    _printf_p                                0x00000000   Number         0  stubs.o ABSOLUTE
    _printf_percent                          0x00000000   Number         0  stubs.o ABSOLUTE
    _printf_pre_padding                      0x00000000   Number         0  stubs.o ABSOLUTE
    _printf_return_value                     0x00000000   Number         0  stubs.o ABSOLUTE
    _printf_s                                0x00000000   Number         0  stubs.o ABSOLUTE
    _printf_sizespec                         0x00000000   Number         0  stubs.o ABSOLUTE
    _printf_str                              0x00000000   Number         0  stubs.o ABSOLUTE
    _printf_truncate_signed                  0x00000000   Number         0  stubs.o ABSOLUTE
    _printf_truncate_unsigned                0x00000000   Number         0  stubs.o ABSOLUTE
    _printf_u                                0x00000000   Number         0  stubs.o ABSOLUTE
    _printf_wc                               0x00000000   Number         0  stubs.o ABSOLUTE
    _printf_wctomb                           0x00000000   Number         0  stubs.o ABSOLUTE
    _printf_widthprec                        0x00000000   Number         0  stubs.o ABSOLUTE
    _printf_x                                0x00000000   Number         0  stubs.o ABSOLUTE
    __cpp_initialize__aeabi_                  - Undefined Weak Reference
    __cxa_finalize                            - Undefined Weak Reference
    __decompress                              - Undefined Weak Reference
    _clock_init                               - Undefined Weak Reference
    _microlib_exit                            - Undefined Weak Reference
    __Vectors_Size                           0x000000ec   Number         0  startup_stm32f103xb.o ABSOLUTE
    __Vectors                                0x08000000   Data           4  startup_stm32f103xb.o(RESET)
    __Vectors_End                            0x080000ec   Data           0  startup_stm32f103xb.o(RESET)
    __main                                   0x080000ed   Thumb Code     0  entry.o(.ARM.Collect$$$$00000000)
    _main_stk                                0x080000ed   Thumb Code     0  entry2.o(.ARM.Collect$$$$00000001)
    _main_scatterload                        0x080000f1   Thumb Code     0  entry5.o(.ARM.Collect$$$$00000004)
    __main_after_scatterload                 0x080000f5   Thumb Code     0  entry5.o(.ARM.Collect$$$$00000004)
    _main_clock                              0x080000f5   Thumb Code     0  entry7b.o(.ARM.Collect$$$$00000008)
    _main_cpp_init                           0x080000f5   Thumb Code     0  entry8b.o(.ARM.Collect$$$$0000000A)
    _main_init                               0x080000f5   Thumb Code     0  entry9a.o(.ARM.Collect$$$$0000000B)
    __rt_final_cpp                           0x080000fd   Thumb Code     0  entry10a.o(.ARM.Collect$$$$0000000D)
    __rt_final_exit                          0x080000fd   Thumb Code     0  entry11a.o(.ARM.Collect$$$$0000000F)
    SVC_Handler                              0x08000101   Thumb Code    32  port.o(.emb_text)
    __asm___6_port_c_39a90d8d__prvStartFirstTask 0x08000125   Thumb Code    28  port.o(.emb_text)
    PendSV_Handler                           0x08000145   Thumb Code    72  port.o(.emb_text)
    vPortGetIPSR                             0x08000191   Thumb Code     6  port.o(.emb_text)
    Reset_Handler                            0x08000199   Thumb Code     8  startup_stm32f103xb.o(.text)
    ADC1_2_IRQHandler                        0x080001b3   Thumb Code     0  startup_stm32f103xb.o(.text)
    CAN1_RX1_IRQHandler                      0x080001b3   Thumb Code     0  startup_stm32f103xb.o(.text)
    CAN1_SCE_IRQHandler                      0x080001b3   Thumb Code     0  startup_stm32f103xb.o(.text)
    DMA1_Channel1_IRQHandler                 0x080001b3   Thumb Code     0  startup_stm32f103xb.o(.text)
    DMA1_Channel2_IRQHandler                 0x080001b3   Thumb Code     0  startup_stm32f103xb.o(.text)
    DMA1_Channel3_IRQHandler                 0x080001b3   Thumb Code     0  startup_stm32f103xb.o(.text)
    DMA1_Channel4_IRQHandler                 0x080001b3   Thumb Code     0  startup_stm32f103xb.o(.text)
    DMA1_Channel5_IRQHandler                 0x080001b3   Thumb Code     0  startup_stm32f103xb.o(.text)
    DMA1_Channel6_IRQHandler                 0x080001b3   Thumb Code     0  startup_stm32f103xb.o(.text)
    DMA1_Channel7_IRQHandler                 0x080001b3   Thumb Code     0  startup_stm32f103xb.o(.text)
    EXTI0_IRQHandler                         0x080001b3   Thumb Code     0  startup_stm32f103xb.o(.text)
    EXTI15_10_IRQHandler                     0x080001b3   Thumb Code     0  startup_stm32f103xb.o(.text)
    EXTI1_IRQHandler                         0x080001b3   Thumb Code     0  startup_stm32f103xb.o(.text)
    EXTI2_IRQHandler                         0x080001b3   Thumb Code     0  startup_stm32f103xb.o(.text)
    EXTI3_IRQHandler                         0x080001b3   Thumb Code     0  startup_stm32f103xb.o(.text)
    EXTI4_IRQHandler                         0x080001b3   Thumb Code     0  startup_stm32f103xb.o(.text)
    EXTI9_5_IRQHandler                       0x080001b3   Thumb Code     0  startup_stm32f103xb.o(.text)
    FLASH_IRQHandler                         0x080001b3   Thumb Code     0  startup_stm32f103xb.o(.text)
    I2C1_ER_IRQHandler                       0x080001b3   Thumb Code     0  startup_stm32f103xb.o(.text)
    I2C1_EV_IRQHandler                       0x080001b3   Thumb Code     0  startup_stm32f103xb.o(.text)
    I2C2_ER_IRQHandler                       0x080001b3   Thumb Code     0  startup_stm32f103xb.o(.text)
    I2C2_EV_IRQHandler                       0x080001b3   Thumb Code     0  startup_stm32f103xb.o(.text)
    PVD_IRQHandler                           0x080001b3   Thumb Code     0  startup_stm32f103xb.o(.text)
    RCC_IRQHandler                           0x080001b3   Thumb Code     0  startup_stm32f103xb.o(.text)
    RTC_Alarm_IRQHandler                     0x080001b3   Thumb Code     0  startup_stm32f103xb.o(.text)
    RTC_IRQHandler                           0x080001b3   Thumb Code     0  startup_stm32f103xb.o(.text)
    SPI1_IRQHandler                          0x080001b3   Thumb Code     0  startup_stm32f103xb.o(.text)
    SPI2_IRQHandler                          0x080001b3   Thumb Code     0  startup_stm32f103xb.o(.text)
    TAMPER_IRQHandler                        0x080001b3   Thumb Code     0  startup_stm32f103xb.o(.text)
    TIM1_BRK_IRQHandler                      0x080001b3   Thumb Code     0  startup_stm32f103xb.o(.text)
    TIM1_CC_IRQHandler                       0x080001b3   Thumb Code     0  startup_stm32f103xb.o(.text)
    TIM1_TRG_COM_IRQHandler                  0x080001b3   Thumb Code     0  startup_stm32f103xb.o(.text)
    TIM3_IRQHandler                          0x080001b3   Thumb Code     0  startup_stm32f103xb.o(.text)
    TIM4_IRQHandler                          0x080001b3   Thumb Code     0  startup_stm32f103xb.o(.text)
    USART2_IRQHandler                        0x080001b3   Thumb Code     0  startup_stm32f103xb.o(.text)
    USART3_IRQHandler                        0x080001b3   Thumb Code     0  startup_stm32f103xb.o(.text)
    USBWakeUp_IRQHandler                     0x080001b3   Thumb Code     0  startup_stm32f103xb.o(.text)
    USB_HP_CAN1_TX_IRQHandler                0x080001b3   Thumb Code     0  startup_stm32f103xb.o(.text)
    USB_LP_CAN1_RX0_IRQHandler               0x080001b3   Thumb Code     0  startup_stm32f103xb.o(.text)
    WWDG_IRQHandler                          0x080001b3   Thumb Code     0  startup_stm32f103xb.o(.text)
    __aeabi_llsr                             0x080001bd   Thumb Code    32  llushr.o(.text)
    _ll_ushift_r                             0x080001bd   Thumb Code     0  llushr.o(.text)
    __aeabi_memcpy                           0x080001dd   Thumb Code    36  memcpya.o(.text)
    __aeabi_memcpy4                          0x080001dd   Thumb Code     0  memcpya.o(.text)
    __aeabi_memcpy8                          0x080001dd   Thumb Code     0  memcpya.o(.text)
    __aeabi_memset                           0x08000201   Thumb Code    14  memseta.o(.text)
    __aeabi_memset4                          0x08000201   Thumb Code     0  memseta.o(.text)
    __aeabi_memset8                          0x08000201   Thumb Code     0  memseta.o(.text)
    __aeabi_memclr                           0x0800020f   Thumb Code     4  memseta.o(.text)
    __aeabi_memclr4                          0x0800020f   Thumb Code     0  memseta.o(.text)
    __aeabi_memclr8                          0x0800020f   Thumb Code     0  memseta.o(.text)
    memset                                   0x08000213   Thumb Code    18  memseta.o(.text)
    strncmp                                  0x08000225   Thumb Code    30  strncmp.o(.text)
    __aeabi_fadd                             0x08000243   Thumb Code   164  fadd.o(.text)
    __aeabi_fsub                             0x080002e7   Thumb Code     6  fadd.o(.text)
    __aeabi_frsub                            0x080002ed   Thumb Code     6  fadd.o(.text)
    __aeabi_fmul                             0x080002f3   Thumb Code   100  fmul.o(.text)
    __aeabi_fdiv                             0x08000357   Thumb Code   124  fdiv.o(.text)
    __aeabi_dadd                             0x080003d3   Thumb Code   322  dadd.o(.text)
    __aeabi_dsub                             0x08000515   Thumb Code     6  dadd.o(.text)
    __aeabi_drsub                            0x0800051b   Thumb Code     6  dadd.o(.text)
    __aeabi_dmul                             0x08000521   Thumb Code   228  dmul.o(.text)
    __aeabi_ddiv                             0x08000605   Thumb Code   222  ddiv.o(.text)
    __aeabi_i2d                              0x080006e3   Thumb Code    34  dflti.o(.text)
    __aeabi_ui2d                             0x08000705   Thumb Code    26  dfltui.o(.text)
    __aeabi_f2uiz                            0x0800071f   Thumb Code    40  ffixui.o(.text)
    __aeabi_d2iz                             0x08000747   Thumb Code    62  dfixi.o(.text)
    __aeabi_d2uiz                            0x08000785   Thumb Code    50  dfixui.o(.text)
    __aeabi_f2d                              0x080007b7   Thumb Code    38  f2d.o(.text)
    __aeabi_d2f                              0x080007dd   Thumb Code    56  d2f.o(.text)
    __aeabi_cfcmpeq                          0x08000815   Thumb Code     0  cfcmple.o(.text)
    __aeabi_cfcmple                          0x08000815   Thumb Code    20  cfcmple.o(.text)
    __aeabi_cfrcmple                         0x08000829   Thumb Code    20  cfrcmple.o(.text)
    __aeabi_uidiv                            0x0800083d   Thumb Code     0  uidiv.o(.text)
    __aeabi_uidivmod                         0x0800083d   Thumb Code    44  uidiv.o(.text)
    __aeabi_llsl                             0x08000869   Thumb Code    30  llshl.o(.text)
    _ll_shift_l                              0x08000869   Thumb Code     0  llshl.o(.text)
    __aeabi_lasr                             0x08000887   Thumb Code    36  llsshr.o(.text)
    _ll_sshift_r                             0x08000887   Thumb Code     0  llsshr.o(.text)
    __I$use$fp                               0x080008ab   Thumb Code     0  iusefp.o(.text)
    _float_round                             0x080008ab   Thumb Code    18  fepilogue.o(.text)
    _float_epilogue                          0x080008bd   Thumb Code    92  fepilogue.o(.text)
    _double_round                            0x08000919   Thumb Code    30  depilogue.o(.text)
    _double_epilogue                         0x08000937   Thumb Code   156  depilogue.o(.text)
    __ARM_scalbn                             0x080009d3   Thumb Code    46  dscalb.o(.text)
    scalbn                                   0x080009d3   Thumb Code     0  dscalb.o(.text)
    _dsqrt                                   0x08000a01   Thumb Code   162  dsqrt.o(.text)
    __aeabi_cdrcmple                         0x08000aa5   Thumb Code    48  cdrcmple.o(.text)
    __scatterload                            0x08000ad5   Thumb Code    28  init.o(.text)
    __scatterload_rt2                        0x08000ad5   Thumb Code     0  init.o(.text)
    BusFault_Handler                         0x08000af9   Thumb Code     4  stm32f1xx_it.o(i.BusFault_Handler)
    Clock_Time                               0x08000afd   Thumb Code   130  tim.o(i.Clock_Time)
    Clock_t                                  0x08000b99   Thumb Code     4  tim.o(i.Clock_t)
    DebugMon_Handler                         0x08000ef1   Thumb Code     2  stm32f1xx_it.o(i.DebugMon_Handler)
    Error_Handler                            0x08000ef3   Thumb Code     2  main.o(i.Error_Handler)
    Gait_Task                                0x08000fbd   Thumb Code    28  gait_task.o(i.Gait_Task)
    Get_ControlData                          0x08000fdd   Thumb Code   154  remote.o(i.Get_ControlData)
    HAL_DMA_Abort_IT                         0x08001089   Thumb Code   172  stm32f1xx_hal_dma.o(i.HAL_DMA_Abort_IT)
    HAL_Delay                                0x08001139   Thumb Code    36  stm32f1xx_hal.o(i.HAL_Delay)
    HAL_GPIO_Init                            0x08001161   Thumb Code   766  stm32f1xx_hal_gpio.o(i.HAL_GPIO_Init)
    HAL_GPIO_TogglePin                       0x08001481   Thumb Code    14  stm32f1xx_hal_gpio.o(i.HAL_GPIO_TogglePin)
    HAL_GPIO_WritePin                        0x0800148f   Thumb Code    12  stm32f1xx_hal_gpio.o(i.HAL_GPIO_WritePin)
    HAL_GetTick                              0x0800149d   Thumb Code     6  stm32f1xx_hal.o(i.HAL_GetTick)
    HAL_IncTick                              0x080014a9   Thumb Code    16  stm32f1xx_hal.o(i.HAL_IncTick)
    HAL_Init                                 0x080014c1   Thumb Code    34  stm32f1xx_hal.o(i.HAL_Init)
    HAL_InitTick                             0x080014e9   Thumb Code   118  stm32f1xx_hal_timebase_tim.o(i.HAL_InitTick)
    HAL_MspInit                              0x08001571   Thumb Code    76  stm32f1xx_hal_msp.o(i.HAL_MspInit)
    HAL_NVIC_EnableIRQ                       0x080015c5   Thumb Code    32  stm32f1xx_hal_cortex.o(i.HAL_NVIC_EnableIRQ)
    HAL_NVIC_SetPriority                     0x080015e5   Thumb Code   124  stm32f1xx_hal_cortex.o(i.HAL_NVIC_SetPriority)
    HAL_NVIC_SetPriorityGrouping             0x08001661   Thumb Code    32  stm32f1xx_hal_cortex.o(i.HAL_NVIC_SetPriorityGrouping)
    HAL_RCC_ClockConfig                      0x08001689   Thumb Code   376  stm32f1xx_hal_rcc.o(i.HAL_RCC_ClockConfig)
    HAL_RCC_GetClockConfig                   0x08001815   Thumb Code    58  stm32f1xx_hal_rcc.o(i.HAL_RCC_GetClockConfig)
    HAL_RCC_GetHCLKFreq                      0x08001859   Thumb Code     6  stm32f1xx_hal_rcc.o(i.HAL_RCC_GetHCLKFreq)
    HAL_RCC_GetPCLK1Freq                     0x08001865   Thumb Code    22  stm32f1xx_hal_rcc.o(i.HAL_RCC_GetPCLK1Freq)
    HAL_RCC_GetPCLK2Freq                     0x08001885   Thumb Code    22  stm32f1xx_hal_rcc.o(i.HAL_RCC_GetPCLK2Freq)
    HAL_RCC_GetSysClockFreq                  0x080018a5   Thumb Code   116  stm32f1xx_hal_rcc.o(i.HAL_RCC_GetSysClockFreq)
    HAL_RCC_OscConfig                        0x08001939   Thumb Code  1114  stm32f1xx_hal_rcc.o(i.HAL_RCC_OscConfig)
    HAL_TIMEx_BreakCallback                  0x08001d9d   Thumb Code     2  stm32f1xx_hal_tim_ex.o(i.HAL_TIMEx_BreakCallback)
    HAL_TIMEx_CommutCallback                 0x08001d9f   Thumb Code     2  stm32f1xx_hal_tim_ex.o(i.HAL_TIMEx_CommutCallback)
    HAL_TIMEx_MasterConfigSynchronization    0x08001da1   Thumb Code    84  stm32f1xx_hal_tim_ex.o(i.HAL_TIMEx_MasterConfigSynchronization)
    HAL_TIM_Base_Init                        0x08001df5   Thumb Code    52  stm32f1xx_hal_tim.o(i.HAL_TIM_Base_Init)
    HAL_TIM_Base_MspInit                     0x08001e29   Thumb Code    58  tim.o(i.HAL_TIM_Base_MspInit)
    HAL_TIM_Base_Start_IT                    0x08001e69   Thumb Code    42  stm32f1xx_hal_tim.o(i.HAL_TIM_Base_Start_IT)
    HAL_TIM_ConfigClockSource                0x08001e93   Thumb Code   264  stm32f1xx_hal_tim.o(i.HAL_TIM_ConfigClockSource)
    HAL_TIM_IC_CaptureCallback               0x08001f9b   Thumb Code     2  stm32f1xx_hal_tim.o(i.HAL_TIM_IC_CaptureCallback)
    HAL_TIM_IRQHandler                       0x08001f9d   Thumb Code   406  stm32f1xx_hal_tim.o(i.HAL_TIM_IRQHandler)
    HAL_TIM_OC_DelayElapsedCallback          0x08002133   Thumb Code     2  stm32f1xx_hal_tim.o(i.HAL_TIM_OC_DelayElapsedCallback)
    HAL_TIM_PWM_PulseFinishedCallback        0x08002135   Thumb Code     2  stm32f1xx_hal_tim.o(i.HAL_TIM_PWM_PulseFinishedCallback)
    HAL_TIM_PeriodElapsedCallback            0x08002139   Thumb Code    28  main.o(i.HAL_TIM_PeriodElapsedCallback)
    HAL_TIM_TriggerCallback                  0x0800215d   Thumb Code     2  stm32f1xx_hal_tim.o(i.HAL_TIM_TriggerCallback)
    HAL_UART_ErrorCallback                   0x0800215f   Thumb Code     2  stm32f1xx_hal_uart.o(i.HAL_UART_ErrorCallback)
    HAL_UART_IRQHandler                      0x08002161   Thumb Code   326  stm32f1xx_hal_uart.o(i.HAL_UART_IRQHandler)
    HAL_UART_Init                            0x080022ad   Thumb Code   114  stm32f1xx_hal_uart.o(i.HAL_UART_Init)
    HAL_UART_MspInit                         0x08002321   Thumb Code   138  usart.o(i.HAL_UART_MspInit)
    HAL_UART_Receive_IT                      0x080023b9   Thumb Code   112  stm32f1xx_hal_uart.o(i.HAL_UART_Receive_IT)
    HAL_UART_RxCpltCallback                  0x08002429   Thumb Code    30  bsp_uart.o(i.HAL_UART_RxCpltCallback)
    HAL_UART_Transmit                        0x08002451   Thumb Code   214  stm32f1xx_hal_uart.o(i.HAL_UART_Transmit)
    HAL_UART_TxCpltCallback                  0x08002527   Thumb Code     2  stm32f1xx_hal_uart.o(i.HAL_UART_TxCpltCallback)
    HardFault_Handler                        0x08002529   Thumb Code     4  stm32f1xx_it.o(i.HardFault_Handler)
    IIC_Ack                                  0x0800252d   Thumb Code    62  bsp_iic.o(i.IIC_Ack)
    IIC_NAck                                 0x08002579   Thumb Code    62  bsp_iic.o(i.IIC_NAck)
    IIC_Read_Byte                            0x080025c5   Thumb Code    94  bsp_iic.o(i.IIC_Read_Byte)
    IIC_Send_Byte                            0x08002631   Thumb Code    84  bsp_iic.o(i.IIC_Send_Byte)
    IIC_Start                                0x08002691   Thumb Code    60  bsp_iic.o(i.IIC_Start)
    IIC_Stop                                 0x080026d9   Thumb Code    58  bsp_iic.o(i.IIC_Stop)
    IIC_Wait_Ack                             0x08002721   Thumb Code    86  bsp_iic.o(i.IIC_Wait_Ack)
    Inverse_Init                             0x08002785   Thumb Code    12  legged.o(i.Inverse_Init)
    Inverse_Solution                         0x08002791   Thumb Code  1762  legged.o(i.Inverse_Solution)
    MX_FREERTOS_Init                         0x08002f39   Thumb Code    34  freertos.o(i.MX_FREERTOS_Init)
    MX_GPIO_Init                             0x08002f65   Thumb Code   196  gpio.o(i.MX_GPIO_Init)
    MX_TIM2_Init                             0x08003035   Thumb Code   102  tim.o(i.MX_TIM2_Init)
    MX_USART1_UART_Init                      0x080030a1   Thumb Code    46  usart.o(i.MX_USART1_UART_Init)
    MemManage_Handler                        0x080030d9   Thumb Code     4  stm32f1xx_it.o(i.MemManage_Handler)
    NMI_Handler                              0x080030dd   Thumb Code     2  stm32f1xx_it.o(i.NMI_Handler)
    PCA9685_Init                             0x080030df   Thumb Code    20  bsp_pca9685.o(i.PCA9685_Init)
    PCA9685_read                             0x080030f3   Thumb Code    58  bsp_pca9685.o(i.PCA9685_read)
    PCA9685_write                            0x0800312d   Thumb Code    46  bsp_pca9685.o(i.PCA9685_write)
    PCA_MG90                                 0x0800315b   Thumb Code    26  bsp_pca9685.o(i.PCA_MG90)
    Remote_control                           0x0800319d   Thumb Code    86  remote.o(i.Remote_control)
    StartDefaultTask                         0x0800320d   Thumb Code    20  freertos.o(i.StartDefaultTask)
    StartTest                                0x08003225   Thumb Code    30  start_task.o(i.StartTest)
    SysTick_Handler                          0x0800324d   Thumb Code    46  port.o(i.SysTick_Handler)
    SystemClock_Config                       0x08003281   Thumb Code   102  main.o(i.SystemClock_Config)
    SystemInit                               0x080032e9   Thumb Code    70  system_stm32f1xx.o(i.SystemInit)
    TIM1_UP_IRQHandler                       0x08003341   Thumb Code    10  stm32f1xx_it.o(i.TIM1_UP_IRQHandler)
    TIM2_IRQHandler                          0x08003351   Thumb Code    10  stm32f1xx_it.o(i.TIM2_IRQHandler)
    TIM_Base_SetConfig                       0x08003361   Thumb Code   104  stm32f1xx_hal_tim.o(i.TIM_Base_SetConfig)
    TIM_ETR_SetConfig                        0x080033d5   Thumb Code    22  stm32f1xx_hal_tim.o(i.TIM_ETR_SetConfig)
    Trajectory_Coordinate_Converter          0x0800344b   Thumb Code    80  legged.o(i.Trajectory_Coordinate_Converter)
    Trajectory_Planning                      0x0800349d   Thumb Code   378  trajectory.o(i.Trajectory_Planning)
    USART1_IRQHandler                        0x080039c1   Thumb Code    10  stm32f1xx_it.o(i.USART1_IRQHandler)
    UsageFault_Handler                       0x080039d1   Thumb Code     4  stm32f1xx_it.o(i.UsageFault_Handler)
    __0printf$3                              0x080039d5   Thumb Code    22  printf3.o(i.__0printf$3)
    __1printf$3                              0x080039d5   Thumb Code     0  printf3.o(i.__0printf$3)
    __2printf                                0x080039d5   Thumb Code     0  printf3.o(i.__0printf$3)
    __ARM_fpclassify                         0x080039f5   Thumb Code    40  fpclassify.o(i.__ARM_fpclassify)
    __ieee754_rem_pio2                       0x08003a55   Thumb Code   828  rred.o(i.__ieee754_rem_pio2)
    __kernel_cos                             0x08003ddd   Thumb Code   230  cos_i.o(i.__kernel_cos)
    __kernel_poly                            0x08003ed9   Thumb Code   170  poly.o(i.__kernel_poly)
    __kernel_sin                             0x08003f85   Thumb Code   224  sin_i.o(i.__kernel_sin)
    __mathlib_dbl_divzero                    0x08004071   Thumb Code    12  dunder.o(i.__mathlib_dbl_divzero)
    __mathlib_dbl_infnan                     0x08004081   Thumb Code     6  dunder.o(i.__mathlib_dbl_infnan)
    __mathlib_dbl_infnan2                    0x08004087   Thumb Code     4  dunder.o(i.__mathlib_dbl_infnan2)
    __mathlib_dbl_invalid                    0x0800408b   Thumb Code    12  dunder.o(i.__mathlib_dbl_invalid)
    __mathlib_dbl_overflow                   0x08004097   Thumb Code    14  dunder.o(i.__mathlib_dbl_overflow)
    __mathlib_dbl_underflow                  0x080040a5   Thumb Code    10  dunder.o(i.__mathlib_dbl_underflow)
    __scatterload_copy                       0x080040b5   Thumb Code    14  handlers.o(i.__scatterload_copy)
    __scatterload_null                       0x080040c3   Thumb Code     2  handlers.o(i.__scatterload_null)
    __scatterload_zeroinit                   0x080040c5   Thumb Code    14  handlers.o(i.__scatterload_zeroinit)
    __set_errno                              0x080040d5   Thumb Code     6  errno.o(i.__set_errno)
    acos                                     0x08004299   Thumb Code   574  acos.o(i.acos)
    calculate_PWM                            0x08004515   Thumb Code    52  bsp_pca9685.o(i.calculate_PWM)
    cos                                      0x08004559   Thumb Code   148  cos.o(i.cos)
    floor                                    0x080045f5   Thumb Code   204  floor.o(i.floor)
    fputc                                    0x080046d1   Thumb Code    22  usart.o(i.fputc)
    main                                     0x080046fd   Thumb Code    60  main.o(i.main)
    osDelay                                  0x08004767   Thumb Code    24  cmsis_os.o(i.osDelay)
    osKernelStart                            0x0800477f   Thumb Code    10  cmsis_os.o(i.osKernelStart)
    osThreadCreate                           0x08004789   Thumb Code    94  cmsis_os.o(i.osThreadCreate)
    pow                                      0x080047e9   Thumb Code  2512  pow.o(i.pow)
    pvPortMalloc                             0x08005645   Thumb Code   296  heap_4.o(i.pvPortMalloc)
    pxPortInitialiseStack                    0x08005781   Thumb Code    30  port.o(i.pxPortInitialiseStack)
    setPWM                                   0x080057a5   Thumb Code    58  bsp_pca9685.o(i.setPWM)
    setPWMFreq                               0x080057e1   Thumb Code   134  bsp_pca9685.o(i.setPWMFreq)
    sin                                      0x08005879   Thumb Code   150  sin.o(i.sin)
    sqrt                                     0x08005919   Thumb Code    76  sqrt.o(i.sqrt)
    uxListRemove                             0x08005965   Thumb Code    40  list.o(i.uxListRemove)
    vApplicationGetIdleTaskMemory            0x0800598d   Thumb Code    14  freertos.o(i.vApplicationGetIdleTaskMemory)
    vListInitialise                          0x080059a5   Thumb Code    26  list.o(i.vListInitialise)
    vListInitialiseItem                      0x080059bf   Thumb Code     6  list.o(i.vListInitialiseItem)
    vListInsert                              0x080059c5   Thumb Code    52  list.o(i.vListInsert)
    vListInsertEnd                           0x080059f9   Thumb Code    24  list.o(i.vListInsertEnd)
    vPortEnterCritical                       0x08005a11   Thumb Code    76  port.o(i.vPortEnterCritical)
    vPortExitCritical                        0x08005a65   Thumb Code    56  port.o(i.vPortExitCritical)
    vPortFree                                0x08005aa1   Thumb Code   140  heap_4.o(i.vPortFree)
    vPortSetupTimerInterrupt                 0x08005b35   Thumb Code    36  port.o(i.vPortSetupTimerInterrupt)
    vTaskDelay                               0x08005b5d   Thumb Code    82  tasks.o(i.vTaskDelay)
    vTaskStartScheduler                      0x08005bb9   Thumb Code   146  tasks.o(i.vTaskStartScheduler)
    vTaskSuspendAll                          0x08005c69   Thumb Code    12  tasks.o(i.vTaskSuspendAll)
    vTaskSwitchContext                       0x08005c79   Thumb Code   118  tasks.o(i.vTaskSwitchContext)
    xPortStartScheduler                      0x08005d05   Thumb Code   228  port.o(i.xPortStartScheduler)
    xTaskCreate                              0x08005dfd   Thumb Code   100  tasks.o(i.xTaskCreate)
    xTaskCreateStatic                        0x08005e61   Thumb Code   184  tasks.o(i.xTaskCreateStatic)
    xTaskIncrementTick                       0x08005f19   Thumb Code   282  tasks.o(i.xTaskIncrementTick)
    xTaskResumeAll                           0x08006061   Thumb Code   224  tasks.o(i.xTaskResumeAll)
    AHBPrescTable                            0x0800619c   Data          16  system_stm32f1xx.o(.constdata)
    APBPrescTable                            0x080061ac   Data           8  system_stm32f1xx.o(.constdata)
    __mathlib_zero                           0x080062c0   Data           8  qnan.o(.constdata)
    Region$$Table$$Base                      0x080063d0   Number         0  anon$$obj.o(Region$$Table)
    Region$$Table$$Limit                     0x080063f0   Number         0  anon$$obj.o(Region$$Table)
    defaultTaskHandle                        0x20000000   Data           4  freertos.o(.data)
    GaitTask_Handler                         0x2000000c   Data           4  start_task.o(.data)
    control_data                             0x20000010   Data           2  gait_task.o(.data)
    RxBuffer                                 0x20000012   Data           6  remote.o(.data)
    ControlBuffer                            0x20000018   Data           1  remote.o(.data)
    ControlBuffer_Cnt                        0x20000019   Data           1  remote.o(.data)
    uwTick                                   0x2000001c   Data           4  stm32f1xx_hal.o(.data)
    uwTickPrio                               0x20000020   Data           4  stm32f1xx_hal.o(.data)
    uwTickFreq                               0x20000024   Data           1  stm32f1xx_hal.o(.data)
    SystemCoreClock                          0x20000028   Data           4  system_stm32f1xx.o(.data)
    pxCurrentTCB                             0x2000002c   Data           4  tasks.o(.data)
    __stdout                                 0x2000008c   Data           4  stdout.o(.data)
    htim2                                    0x200002f0   Data          64  tim.o(.bss)
    huart1                                   0x20000330   Data          64  usart.o(.bss)
    htim1                                    0x20000370   Data          64  stm32f1xx_hal_timebase_tim.o(.bss)
    Trot                                     0x200003b0   Data         400  gait_task.o(.bss)
    __initial_sp                             0x20001630   Data           0  startup_stm32f103xb.o(STACK)



==============================================================================

Memory Map of the image

  Image Entry point : 0x080000ed

  Load Region LR_IROM1 (Base: 0x08000000, Size: 0x00006484, Max: 0x00010000, ABSOLUTE)

    Execution Region ER_IROM1 (Base: 0x08000000, Size: 0x000063f0, Max: 0x00010000, ABSOLUTE)

    Base Addr    Size         Type   Attr      Idx    E Section Name        Object

    0x08000000   0x000000ec   Data   RO            3    RESET               startup_stm32f103xb.o
    0x080000ec   0x00000000   Code   RO         4704  * .ARM.Collect$$$$00000000  mc_w.l(entry.o)
    0x080000ec   0x00000004   Code   RO         5047    .ARM.Collect$$$$00000001  mc_w.l(entry2.o)
    0x080000f0   0x00000004   Code   RO         5050    .ARM.Collect$$$$00000004  mc_w.l(entry5.o)
    0x080000f4   0x00000000   Code   RO         5052    .ARM.Collect$$$$00000008  mc_w.l(entry7b.o)
    0x080000f4   0x00000000   Code   RO         5054    .ARM.Collect$$$$0000000A  mc_w.l(entry8b.o)
    0x080000f4   0x00000008   Code   RO         5055    .ARM.Collect$$$$0000000B  mc_w.l(entry9a.o)
    0x080000fc   0x00000000   Code   RO         5057    .ARM.Collect$$$$0000000D  mc_w.l(entry10a.o)
    0x080000fc   0x00000000   Code   RO         5059    .ARM.Collect$$$$0000000F  mc_w.l(entry11a.o)
    0x080000fc   0x00000004   Code   RO         5048    .ARM.Collect$$$$00002712  mc_w.l(entry2.o)
    0x08000100   0x00000096   Code   RO         4579    .emb_text           port.o
    0x08000196   0x00000002   PAD
    0x08000198   0x00000024   Code   RO            4    .text               startup_stm32f103xb.o
    0x080001bc   0x00000020   Code   RO         4707    .text               mc_w.l(llushr.o)
    0x080001dc   0x00000024   Code   RO         4709    .text               mc_w.l(memcpya.o)
    0x08000200   0x00000024   Code   RO         4713    .text               mc_w.l(memseta.o)
    0x08000224   0x0000001e   Code   RO         4719    .text               mc_w.l(strncmp.o)
    0x08000242   0x000000b0   Code   RO         4984    .text               mf_w.l(fadd.o)
    0x080002f2   0x00000064   Code   RO         4986    .text               mf_w.l(fmul.o)
    0x08000356   0x0000007c   Code   RO         4988    .text               mf_w.l(fdiv.o)
    0x080003d2   0x0000014e   Code   RO         4990    .text               mf_w.l(dadd.o)
    0x08000520   0x000000e4   Code   RO         4992    .text               mf_w.l(dmul.o)
    0x08000604   0x000000de   Code   RO         4994    .text               mf_w.l(ddiv.o)
    0x080006e2   0x00000022   Code   RO         4996    .text               mf_w.l(dflti.o)
    0x08000704   0x0000001a   Code   RO         4998    .text               mf_w.l(dfltui.o)
    0x0800071e   0x00000028   Code   RO         5000    .text               mf_w.l(ffixui.o)
    0x08000746   0x0000003e   Code   RO         5002    .text               mf_w.l(dfixi.o)
    0x08000784   0x00000032   Code   RO         5004    .text               mf_w.l(dfixui.o)
    0x080007b6   0x00000026   Code   RO         5006    .text               mf_w.l(f2d.o)
    0x080007dc   0x00000038   Code   RO         5008    .text               mf_w.l(d2f.o)
    0x08000814   0x00000014   Code   RO         5010    .text               mf_w.l(cfcmple.o)
    0x08000828   0x00000014   Code   RO         5012    .text               mf_w.l(cfrcmple.o)
    0x0800083c   0x0000002c   Code   RO         5062    .text               mc_w.l(uidiv.o)
    0x08000868   0x0000001e   Code   RO         5066    .text               mc_w.l(llshl.o)
    0x08000886   0x00000024   Code   RO         5068    .text               mc_w.l(llsshr.o)
    0x080008aa   0x00000000   Code   RO         5077    .text               mc_w.l(iusefp.o)
    0x080008aa   0x0000006e   Code   RO         5078    .text               mf_w.l(fepilogue.o)
    0x08000918   0x000000ba   Code   RO         5080    .text               mf_w.l(depilogue.o)
    0x080009d2   0x0000002e   Code   RO         5082    .text               mf_w.l(dscalb.o)
    0x08000a00   0x000000a2   Code   RO         5084    .text               mf_w.l(dsqrt.o)
    0x08000aa2   0x00000002   PAD
    0x08000aa4   0x00000030   Code   RO         5090    .text               mf_w.l(cdrcmple.o)
    0x08000ad4   0x00000024   Code   RO         5092    .text               mc_w.l(init.o)
    0x08000af8   0x00000004   Code   RO          422    i.BusFault_Handler  stm32f1xx_it.o
    0x08000afc   0x0000009c   Code   RO          309    i.Clock_Time        tim.o
    0x08000b98   0x00000008   Code   RO          310    i.Clock_t           tim.o
    0x08000ba0   0x00000138   Code   RO          600    i.Control           gait_task.o
    0x08000cd8   0x00000218   Code   RO          690    i.Crank_Angle_Control  legged.o
    0x08000ef0   0x00000002   Code   RO          423    i.DebugMon_Handler  stm32f1xx_it.o
    0x08000ef2   0x00000002   Code   RO           13    i.Error_Handler     main.o
    0x08000ef4   0x0000003c   Code   RO          601    i.Gait_Init         gait_task.o
    0x08000f30   0x0000008c   Code   RO          602    i.Gait_Loop         gait_task.o
    0x08000fbc   0x00000020   Code   RO          603    i.Gait_Task         gait_task.o
    0x08000fdc   0x000000ac   Code   RO          656    i.Get_ControlData   remote.o
    0x08001088   0x000000b0   Code   RO         1334    i.HAL_DMA_Abort_IT  stm32f1xx_hal_dma.o
    0x08001138   0x00000028   Code   RO          956    i.HAL_Delay         stm32f1xx_hal.o
    0x08001160   0x00000320   Code   RO         1269    i.HAL_GPIO_Init     stm32f1xx_hal_gpio.o
    0x08001480   0x0000000e   Code   RO         1272    i.HAL_GPIO_TogglePin  stm32f1xx_hal_gpio.o
    0x0800148e   0x0000000c   Code   RO         1273    i.HAL_GPIO_WritePin  stm32f1xx_hal_gpio.o
    0x0800149a   0x00000002   PAD
    0x0800149c   0x0000000c   Code   RO          960    i.HAL_GetTick       stm32f1xx_hal.o
    0x080014a8   0x00000018   Code   RO          966    i.HAL_IncTick       stm32f1xx_hal.o
    0x080014c0   0x00000028   Code   RO          967    i.HAL_Init          stm32f1xx_hal.o
    0x080014e8   0x00000088   Code   RO          522    i.HAL_InitTick      stm32f1xx_hal_timebase_tim.o
    0x08001570   0x00000054   Code   RO          498    i.HAL_MspInit       stm32f1xx_hal_msp.o
    0x080015c4   0x00000020   Code   RO         1429    i.HAL_NVIC_EnableIRQ  stm32f1xx_hal_cortex.o
    0x080015e4   0x0000007c   Code   RO         1435    i.HAL_NVIC_SetPriority  stm32f1xx_hal_cortex.o
    0x08001660   0x00000028   Code   RO         1436    i.HAL_NVIC_SetPriorityGrouping  stm32f1xx_hal_cortex.o
    0x08001688   0x0000018c   Code   RO         1124    i.HAL_RCC_ClockConfig  stm32f1xx_hal_rcc.o
    0x08001814   0x00000044   Code   RO         1128    i.HAL_RCC_GetClockConfig  stm32f1xx_hal_rcc.o
    0x08001858   0x0000000c   Code   RO         1129    i.HAL_RCC_GetHCLKFreq  stm32f1xx_hal_rcc.o
    0x08001864   0x00000020   Code   RO         1131    i.HAL_RCC_GetPCLK1Freq  stm32f1xx_hal_rcc.o
    0x08001884   0x00000020   Code   RO         1132    i.HAL_RCC_GetPCLK2Freq  stm32f1xx_hal_rcc.o
    0x080018a4   0x00000094   Code   RO         1133    i.HAL_RCC_GetSysClockFreq  stm32f1xx_hal_rcc.o
    0x08001938   0x00000464   Code   RO         1136    i.HAL_RCC_OscConfig  stm32f1xx_hal_rcc.o
    0x08001d9c   0x00000002   Code   RO         2643    i.HAL_TIMEx_BreakCallback  stm32f1xx_hal_tim_ex.o
    0x08001d9e   0x00000002   Code   RO         2644    i.HAL_TIMEx_CommutCallback  stm32f1xx_hal_tim_ex.o
    0x08001da0   0x00000054   Code   RO         2661    i.HAL_TIMEx_MasterConfigSynchronization  stm32f1xx_hal_tim_ex.o
    0x08001df4   0x00000034   Code   RO         1957    i.HAL_TIM_Base_Init  stm32f1xx_hal_tim.o
    0x08001e28   0x00000040   Code   RO          312    i.HAL_TIM_Base_MspInit  tim.o
    0x08001e68   0x0000002a   Code   RO         1962    i.HAL_TIM_Base_Start_IT  stm32f1xx_hal_tim.o
    0x08001e92   0x00000108   Code   RO         1966    i.HAL_TIM_ConfigClockSource  stm32f1xx_hal_tim.o
    0x08001f9a   0x00000002   Code   RO         1986    i.HAL_TIM_IC_CaptureCallback  stm32f1xx_hal_tim.o
    0x08001f9c   0x00000196   Code   RO         2000    i.HAL_TIM_IRQHandler  stm32f1xx_hal_tim.o
    0x08002132   0x00000002   Code   RO         2003    i.HAL_TIM_OC_DelayElapsedCallback  stm32f1xx_hal_tim.o
    0x08002134   0x00000002   Code   RO         2030    i.HAL_TIM_PWM_PulseFinishedCallback  stm32f1xx_hal_tim.o
    0x08002136   0x00000002   PAD
    0x08002138   0x00000024   Code   RO           14    i.HAL_TIM_PeriodElapsedCallback  main.o
    0x0800215c   0x00000002   Code   RO         2043    i.HAL_TIM_TriggerCallback  stm32f1xx_hal_tim.o
    0x0800215e   0x00000002   Code   RO         2915    i.HAL_UART_ErrorCallback  stm32f1xx_hal_uart.o
    0x08002160   0x0000014c   Code   RO         2918    i.HAL_UART_IRQHandler  stm32f1xx_hal_uart.o
    0x080022ac   0x00000072   Code   RO         2919    i.HAL_UART_Init     stm32f1xx_hal_uart.o
    0x0800231e   0x00000002   PAD
    0x08002320   0x00000098   Code   RO          369    i.HAL_UART_MspInit  usart.o
    0x080023b8   0x00000070   Code   RO         2924    i.HAL_UART_Receive_IT  stm32f1xx_hal_uart.o
    0x08002428   0x00000028   Code   RO          885    i.HAL_UART_RxCpltCallback  bsp_uart.o
    0x08002450   0x000000d6   Code   RO         2927    i.HAL_UART_Transmit  stm32f1xx_hal_uart.o
    0x08002526   0x00000002   Code   RO         2930    i.HAL_UART_TxCpltCallback  stm32f1xx_hal_uart.o
    0x08002528   0x00000004   Code   RO          424    i.HardFault_Handler  stm32f1xx_it.o
    0x0800252c   0x0000004c   Code   RO          760    i.IIC_Ack           bsp_iic.o
    0x08002578   0x0000004c   Code   RO          761    i.IIC_NAck          bsp_iic.o
    0x080025c4   0x0000006c   Code   RO          762    i.IIC_Read_Byte     bsp_iic.o
    0x08002630   0x00000060   Code   RO          763    i.IIC_Send_Byte     bsp_iic.o
    0x08002690   0x00000048   Code   RO          764    i.IIC_Start         bsp_iic.o
    0x080026d8   0x00000048   Code   RO          765    i.IIC_Stop          bsp_iic.o
    0x08002720   0x00000064   Code   RO          766    i.IIC_Wait_Ack      bsp_iic.o
    0x08002784   0x0000000c   Code   RO          691    i.Inverse_Init      legged.o
    0x08002790   0x00000708   Code   RO          692    i.Inverse_Solution  legged.o
    0x08002e98   0x0000007a   Code   RO          604    i.Legged_Converter  gait_task.o
    0x08002f12   0x00000002   PAD
    0x08002f14   0x00000024   Code   RO          693    i.Link_Init         legged.o
    0x08002f38   0x0000002c   Code   RO          239    i.MX_FREERTOS_Init  freertos.o
    0x08002f64   0x000000d0   Code   RO          215    i.MX_GPIO_Init      gpio.o
    0x08003034   0x0000006c   Code   RO          313    i.MX_TIM2_Init      tim.o
    0x080030a0   0x00000038   Code   RO          370    i.MX_USART1_UART_Init  usart.o
    0x080030d8   0x00000004   Code   RO          425    i.MemManage_Handler  stm32f1xx_it.o
    0x080030dc   0x00000002   Code   RO          426    i.NMI_Handler       stm32f1xx_it.o
    0x080030de   0x00000014   Code   RO          825    i.PCA9685_Init      bsp_pca9685.o
    0x080030f2   0x0000003a   Code   RO          826    i.PCA9685_read      bsp_pca9685.o
    0x0800312c   0x0000002e   Code   RO          827    i.PCA9685_write     bsp_pca9685.o
    0x0800315a   0x0000001a   Code   RO          828    i.PCA_MG90          bsp_pca9685.o
    0x08003174   0x00000028   Code   RO         1137    i.RCC_Delay         stm32f1xx_hal_rcc.o
    0x0800319c   0x00000070   Code   RO          657    i.Remote_control    remote.o
    0x0800320c   0x00000018   Code   RO          240    i.StartDefaultTask  freertos.o
    0x08003224   0x00000028   Code   RO          561    i.StartTest         start_task.o
    0x0800324c   0x00000034   Code   RO         4580    i.SysTick_Handler   port.o
    0x08003280   0x00000066   Code   RO           15    i.SystemClock_Config  main.o
    0x080032e6   0x00000002   PAD
    0x080032e8   0x00000058   Code   RO         3226    i.SystemInit        system_stm32f1xx.o
    0x08003340   0x00000010   Code   RO          427    i.TIM1_UP_IRQHandler  stm32f1xx_it.o
    0x08003350   0x00000010   Code   RO          428    i.TIM2_IRQHandler   stm32f1xx_it.o
    0x08003360   0x00000074   Code   RO         2045    i.TIM_Base_SetConfig  stm32f1xx_hal_tim.o
    0x080033d4   0x00000016   Code   RO         2056    i.TIM_ETR_SetConfig  stm32f1xx_hal_tim.o
    0x080033ea   0x00000012   Code   RO         2057    i.TIM_ITRx_SetConfig  stm32f1xx_hal_tim.o
    0x080033fc   0x00000026   Code   RO         2063    i.TIM_TI1_ConfigInputStage  stm32f1xx_hal_tim.o
    0x08003422   0x00000028   Code   RO         2065    i.TIM_TI2_ConfigInputStage  stm32f1xx_hal_tim.o
    0x0800344a   0x00000050   Code   RO          694    i.Trajectory_Coordinate_Converter  legged.o
    0x0800349a   0x00000002   PAD
    0x0800349c   0x00000188   Code   RO          736    i.Trajectory_Planning  trajectory.o
    0x08003624   0x0000002c   Code   RO          605    i.Trot_Cycle_Init   gait_task.o
    0x08003650   0x00000014   Code   RO         2932    i.UART_DMAAbortOnError  stm32f1xx_hal_uart.o
    0x08003664   0x00000020   Code   RO         2942    i.UART_EndRxTransfer  stm32f1xx_hal_uart.o
    0x08003684   0x00000020   Code   RO         2943    i.UART_EndTransmit_IT  stm32f1xx_hal_uart.o
    0x080036a4   0x000000a6   Code   RO         2945    i.UART_Receive_IT   stm32f1xx_hal_uart.o
    0x0800374a   0x00000002   PAD
    0x0800374c   0x000001a0   Code   RO         2946    i.UART_SetConfig    stm32f1xx_hal_uart.o
    0x080038ec   0x00000068   Code   RO         2947    i.UART_Transmit_IT  stm32f1xx_hal_uart.o
    0x08003954   0x0000006c   Code   RO         2948    i.UART_WaitOnFlagUntilTimeout  stm32f1xx_hal_uart.o
    0x080039c0   0x00000010   Code   RO          429    i.USART1_IRQHandler  stm32f1xx_it.o
    0x080039d0   0x00000004   Code   RO          430    i.UsageFault_Handler  stm32f1xx_it.o
    0x080039d4   0x00000020   Code   RO         4812    i.__0printf$3       mc_w.l(printf3.o)
    0x080039f4   0x00000028   Code   RO         5031    i.__ARM_fpclassify  m_ws.l(fpclassify.o)
    0x08003a1c   0x00000010   Code   RO         1442    i.__NVIC_GetPriorityGrouping  stm32f1xx_hal_cortex.o
    0x08003a2c   0x00000028   Code   RO         1443    i.__NVIC_SetPriority  stm32f1xx_hal_cortex.o
    0x08003a54   0x00000388   Code   RO         5036    i.__ieee754_rem_pio2  m_ws.l(rred.o)
    0x08003ddc   0x000000fc   Code   RO         5014    i.__kernel_cos      m_ws.l(cos_i.o)
    0x08003ed8   0x000000aa   Code   RO         5033    i.__kernel_poly     m_ws.l(poly.o)
    0x08003f82   0x00000002   PAD
    0x08003f84   0x000000ec   Code   RO         5041    i.__kernel_sin      m_ws.l(sin_i.o)
    0x08004070   0x00000010   Code   RO         5017    i.__mathlib_dbl_divzero  m_ws.l(dunder.o)
    0x08004080   0x00000006   Code   RO         5018    i.__mathlib_dbl_infnan  m_ws.l(dunder.o)
    0x08004086   0x00000004   Code   RO         5019    i.__mathlib_dbl_infnan2  m_ws.l(dunder.o)
    0x0800408a   0x0000000c   Code   RO         5020    i.__mathlib_dbl_invalid  m_ws.l(dunder.o)
    0x08004096   0x0000000e   Code   RO         5021    i.__mathlib_dbl_overflow  m_ws.l(dunder.o)
    0x080040a4   0x00000010   Code   RO         5023    i.__mathlib_dbl_underflow  m_ws.l(dunder.o)
    0x080040b4   0x0000000e   Code   RO         5096    i.__scatterload_copy  mc_w.l(handlers.o)
    0x080040c2   0x00000002   Code   RO         5097    i.__scatterload_null  mc_w.l(handlers.o)
    0x080040c4   0x0000000e   Code   RO         5098    i.__scatterload_zeroinit  mc_w.l(handlers.o)
    0x080040d2   0x00000002   PAD
    0x080040d4   0x0000000c   Code   RO         5072    i.__set_errno       mc_w.l(errno.o)
    0x080040e0   0x000001b8   Code   RO         4819    i._printf_core      mc_w.l(printf3.o)
    0x08004298   0x0000027c   Code   RO         4657    i.acos              m_ws.l(acos.o)
    0x08004514   0x00000044   Code   RO          829    i.calculate_PWM     bsp_pca9685.o
    0x08004558   0x0000009c   Code   RO         4667    i.cos               m_ws.l(cos.o)
    0x080045f4   0x000000dc   Code   RO         4675    i.floor             m_ws.l(floor.o)
    0x080046d0   0x0000001c   Code   RO          372    i.fputc             usart.o
    0x080046ec   0x0000000e   Code   RO          767    i.i2c_Delay         bsp_iic.o
    0x080046fa   0x00000002   PAD
    0x080046fc   0x0000005c   Code   RO           16    i.main              main.o
    0x08004758   0x0000000e   Code   RO         4151    i.makeFreeRtosPriority  cmsis_os.o
    0x08004766   0x00000018   Code   RO         4153    i.osDelay           cmsis_os.o
    0x0800477e   0x0000000a   Code   RO         4156    i.osKernelStart     cmsis_os.o
    0x08004788   0x0000005e   Code   RO         4190    i.osThreadCreate    cmsis_os.o
    0x080047e6   0x00000002   PAD
    0x080047e8   0x000009d8   Code   RO         4679    i.pow               m_ws.l(pow.o)
    0x080051c0   0x00000098   Code   RO         3777    i.prvAddCurrentTaskToDelayedList  tasks.o
    0x08005258   0x000000b8   Code   RO         3778    i.prvAddNewTaskToReadyList  tasks.o
    0x08005310   0x00000048   Code   RO         3779    i.prvCheckTasksWaitingTermination  tasks.o
    0x08005358   0x00000050   Code   RO         3780    i.prvDeleteTCB      tasks.o
    0x080053a8   0x0000007c   Code   RO         4518    i.prvHeapInit       heap_4.o
    0x08005424   0x00000028   Code   RO         3781    i.prvIdleTask       tasks.o
    0x0800544c   0x000000b4   Code   RO         3782    i.prvInitialiseNewTask  tasks.o
    0x08005500   0x00000068   Code   RO         3783    i.prvInitialiseTaskLists  tasks.o
    0x08005568   0x00000068   Code   RO         4519    i.prvInsertBlockIntoFreeList  heap_4.o
    0x080055d0   0x00000034   Code   RO         3785    i.prvResetNextTaskUnblockTime  tasks.o
    0x08005604   0x00000040   Code   RO         4581    i.prvTaskExitError  port.o
    0x08005644   0x0000013c   Code   RO         4520    i.pvPortMalloc      heap_4.o
    0x08005780   0x00000024   Code   RO         4582    i.pxPortInitialiseStack  port.o
    0x080057a4   0x0000003a   Code   RO          830    i.setPWM            bsp_pca9685.o
    0x080057de   0x00000002   PAD
    0x080057e0   0x00000098   Code   RO          831    i.setPWMFreq        bsp_pca9685.o
    0x08005878   0x000000a0   Code   RO         4689    i.sin               m_ws.l(sin.o)
    0x08005918   0x0000004c   Code   RO         4697    i.sqrt              m_ws.l(sqrt.o)
    0x08005964   0x00000028   Code   RO         3375    i.uxListRemove      list.o
    0x0800598c   0x00000018   Code   RO          241    i.vApplicationGetIdleTaskMemory  freertos.o
    0x080059a4   0x0000001a   Code   RO         3376    i.vListInitialise   list.o
    0x080059be   0x00000006   Code   RO         3377    i.vListInitialiseItem  list.o
    0x080059c4   0x00000034   Code   RO         3378    i.vListInsert       list.o
    0x080059f8   0x00000018   Code   RO         3379    i.vListInsertEnd    list.o
    0x08005a10   0x00000054   Code   RO         4584    i.vPortEnterCritical  port.o
    0x08005a64   0x0000003c   Code   RO         4585    i.vPortExitCritical  port.o
    0x08005aa0   0x00000094   Code   RO         4521    i.vPortFree         heap_4.o
    0x08005b34   0x00000028   Code   RO         4586    i.vPortSetupTimerInterrupt  port.o
    0x08005b5c   0x0000005c   Code   RO         3798    i.vTaskDelay        tasks.o
    0x08005bb8   0x000000b0   Code   RO         3814    i.vTaskStartScheduler  tasks.o
    0x08005c68   0x00000010   Code   RO         3816    i.vTaskSuspendAll   tasks.o
    0x08005c78   0x0000008c   Code   RO         3817    i.vTaskSwitchContext  tasks.o
    0x08005d04   0x000000f8   Code   RO         4588    i.xPortStartScheduler  port.o
    0x08005dfc   0x00000064   Code   RO         3819    i.xTaskCreate       tasks.o
    0x08005e60   0x000000b8   Code   RO         3820    i.xTaskCreateStatic  tasks.o
    0x08005f18   0x00000148   Code   RO         3827    i.xTaskIncrementTick  tasks.o
    0x08006060   0x00000104   Code   RO         3833    i.xTaskResumeAll    tasks.o
    0x08006164   0x0000001c   Data   RO          243    .constdata          freertos.o
    0x08006180   0x0000001c   Data   RO          563    .constdata          start_task.o
    0x0800619c   0x00000018   Data   RO         3227    .constdata          system_stm32f1xx.o
    0x080061b4   0x00000004   PAD
    0x080061b8   0x00000050   Data   RO         4658    .constdata          m_ws.l(acos.o)
    0x08006208   0x00000088   Data   RO         4680    .constdata          m_ws.l(pow.o)
    0x08006290   0x00000030   Data   RO         5015    .constdata          m_ws.l(cos_i.o)
    0x080062c0   0x00000008   Data   RO         5035    .constdata          m_ws.l(qnan.o)
    0x080062c8   0x000000c8   Data   RO         5038    .constdata          m_ws.l(rred.o)
    0x08006390   0x00000028   Data   RO         5042    .constdata          m_ws.l(sin_i.o)
    0x080063b8   0x0000000c   Data   RO          244    .conststring        freertos.o
    0x080063c4   0x0000000a   Data   RO          564    .conststring        start_task.o
    0x080063ce   0x00000002   PAD
    0x080063d0   0x00000020   Data   RO         5094    Region$$Table       anon$$obj.o


    Execution Region RW_IRAM1 (Base: 0x20000000, Size: 0x00001630, Max: 0x00005000, ABSOLUTE)

    Base Addr    Size         Type   Attr      Idx    E Section Name        Object

    0x20000000   0x00000004   Data   RW          245    .data               freertos.o
    0x20000004   0x00000008   Data   RW          315    .data               tim.o
    0x2000000c   0x00000004   Data   RW          565    .data               start_task.o
    0x20000010   0x00000002   Data   RW          607    .data               gait_task.o
    0x20000012   0x00000008   Data   RW          658    .data               remote.o
    0x2000001a   0x00000002   PAD
    0x2000001c   0x00000009   Data   RW          974    .data               stm32f1xx_hal.o
    0x20000025   0x00000003   PAD
    0x20000028   0x00000004   Data   RW         3228    .data               system_stm32f1xx.o
    0x2000002c   0x0000003c   Data   RW         3836    .data               tasks.o
    0x20000068   0x00000018   Data   RW         4526    .data               heap_4.o
    0x20000080   0x0000000c   Data   RW         4589    .data               port.o
    0x2000008c   0x00000004   Data   RW         5061    .data               mc_w.l(stdout.o)
    0x20000090   0x00000004   Data   RW         5073    .data               mc_w.l(errno.o)
    0x20000094   0x0000025c   Zero   RW          242    .bss                freertos.o
    0x200002f0   0x00000040   Zero   RW          314    .bss                tim.o
    0x20000330   0x00000040   Zero   RW          373    .bss                usart.o
    0x20000370   0x00000040   Zero   RW          525    .bss                stm32f1xx_hal_timebase_tim.o
    0x200003b0   0x00000190   Zero   RW          606    .bss                gait_task.o
    0x20000540   0x000000f0   Zero   RW         3835    .bss                tasks.o
    0x20000630   0x00000c00   Zero   RW         4525    .bss                heap_4.o
    0x20001230   0x00000400   Zero   RW            1    STACK               startup_stm32f103xb.o


==============================================================================

Image component sizes


      Code (inc. data)   RO Data    RW Data    ZI Data      Debug   Object Name

       614         94          0          0          0       4163   bsp_iic.o
       428         34          0          0          0       4103   bsp_pca9685.o
        40         10          0          0          0        902   bsp_uart.o
       142          0          0          0          0      22247   cmsis_os.o
         0          0          0          0          0      18332   event_groups.o
        92         24         40          4        604       8778   freertos.o
       710         56          0          2        400       5184   gait_task.o
       208         12          0          0          0        975   gpio.o
       692         62          0         24       3072       7263   heap_4.o
      2464        100          0          0          0       3892   legged.o
       148          0          0          0          0       3442   list.o
       232         40          0          0          0     456008   main.o
       734         64          0         12          0      10440   port.o
       284         44          0          8          0       1929   remote.o
        40         10         38          4          0       2131   start_task.o
        36          8        236          0       1024        804   startup_stm32f103xb.o
       116         24          0          9          0       5278   stm32f1xx_hal.o
       252         22          0          0          0      28694   stm32f1xx_hal_cortex.o
       176          4          0          0          0       1099   stm32f1xx_hal_dma.o
       826         34          0          0          0       3277   stm32f1xx_hal_gpio.o
        84          8          0          0          0        906   stm32f1xx_hal_msp.o
      1852        120          0          0          0       6669   stm32f1xx_hal_rcc.o
      1006         12          0          0          0       9103   stm32f1xx_hal_tim.o
        88          0          0          0          0       2373   stm32f1xx_hal_tim_ex.o
       136         18          0          0         64       1471   stm32f1xx_hal_timebase_tim.o
      1654         10          0          0          0       9547   stm32f1xx_hal_uart.o
        68         18          0          0          0       4036   stm32f1xx_it.o
         0          0          0          0          0        392   stream_buffer.o
        88         18         24          4          0       1195   system_stm32f1xx.o
      2160        268          0         60        240      17137   tasks.o
       336         42          0          8         64       2693   tim.o
       392         14          0          0          0       1110   trajectory.o
       236         30          0          0         64       2190   usart.o

    ----------------------------------------------------------------------
     16356       1200        376        140       5532     647763   Object Totals
         0          0         32          0          0          0   (incl. Generated)
        22          0          6          5          0          0   (incl. Padding)

    ----------------------------------------------------------------------

      Code (inc. data)   RO Data    RW Data    ZI Data      Debug   Library Member Name

       636         62         80          0          0        188   acos.o
       156          8          0          0          0        104   cos.o
       252         22         48          0          0        124   cos_i.o
        68         10          0          0          0        408   dunder.o
       220         16          0          0          0         84   floor.o
        40          0          0          0          0         68   fpclassify.o
       170          0          0          0          0         96   poly.o
      2520        190        136          0          0        324   pow.o
         0          0          8          0          0          0   qnan.o
       904         76        200          0          0        140   rred.o
       160         10          0          0          0        108   sin.o
       236         12         40          0          0        128   sin_i.o
        76          0          0          0          0         84   sqrt.o
         0          0          0          0          0          0   entry.o
         0          0          0          0          0          0   entry10a.o
         0          0          0          0          0          0   entry11a.o
         8          4          0          0          0          0   entry2.o
         4          0          0          0          0          0   entry5.o
         0          0          0          0          0          0   entry7b.o
         0          0          0          0          0          0   entry8b.o
         8          4          0          0          0          0   entry9a.o
        12          6          0          4          0         68   errno.o
        30          0          0          0          0          0   handlers.o
        36          8          0          0          0         68   init.o
         0          0          0          0          0          0   iusefp.o
        30          0          0          0          0         68   llshl.o
        36          0          0          0          0         68   llsshr.o
        32          0          0          0          0         68   llushr.o
        36          0          0          0          0         68   memcpya.o
        36          0          0          0          0        108   memseta.o
       472         14          0          0          0        184   printf3.o
         0          0          0          4          0          0   stdout.o
        30          0          0          0          0         80   strncmp.o
        44          0          0          0          0         80   uidiv.o
        48          0          0          0          0         68   cdrcmple.o
        20          0          0          0          0         68   cfcmple.o
        20          0          0          0          0         68   cfrcmple.o
        56          0          0          0          0         88   d2f.o
       334          0          0          0          0        148   dadd.o
       222          0          0          0          0        100   ddiv.o
       186          0          0          0          0        176   depilogue.o
        62          0          0          0          0         80   dfixi.o
        50          0          0          0          0         76   dfixui.o
        34          0          0          0          0         76   dflti.o
        26          0          0          0          0         76   dfltui.o
       228          0          0          0          0         96   dmul.o
        46          0          0          0          0         80   dscalb.o
       162          0          0          0          0        100   dsqrt.o
        38          0          0          0          0         68   f2d.o
       176          0          0          0          0        140   fadd.o
       124          0          0          0          0         88   fdiv.o
       110          0          0          0          0        168   fepilogue.o
        40          0          0          0          0         68   ffixui.o
       100          0          0          0          0         76   fmul.o

    ----------------------------------------------------------------------
      8340        442        512          8          0       4624   Library Totals
         6          0          0          0          0          0   (incl. Padding)

    ----------------------------------------------------------------------

      Code (inc. data)   RO Data    RW Data    ZI Data      Debug   Library Name

      5438        406        512          0          0       1856   m_ws.l
       814         36          0          8          0        860   mc_w.l
      2082          0          0          0          0       1908   mf_w.l

    ----------------------------------------------------------------------
      8340        442        512          8          0       4624   Library Totals

    ----------------------------------------------------------------------

==============================================================================


      Code (inc. data)   RO Data    RW Data    ZI Data      Debug   

     24696       1642        888        148       5532     642919   Grand Totals
     24696       1642        888        148       5532     642919   ELF Image Totals
     24696       1642        888        148          0          0   ROM Totals

==============================================================================

    Total RO  Size (Code + RO Data)                25584 (  24.98kB)
    Total RW  Size (RW Data + ZI Data)              5680 (   5.55kB)
    Total ROM Size (Code + RO Data + RW Data)      25732 (  25.13kB)

==============================================================================

